Component: ARM Compiler 5.06 update 1 (build 61) Tool: armlink [4d35a8]

==============================================================================

Section Cross References

    startup_stm32f407xx.o(RESET) refers to startup_stm32f407xx.o(STACK) for __initial_sp
    startup_stm32f407xx.o(RESET) refers to startup_stm32f407xx.o(.text) for Reset_Handler
    startup_stm32f407xx.o(RESET) refers to stm32f4xx_it.o(i.NMI_Handler) for NMI_Handler
    startup_stm32f407xx.o(RESET) refers to stm32f4xx_it.o(i.HardFault_Handler) for HardFault_Handler
    startup_stm32f407xx.o(RESET) refers to stm32f4xx_it.o(i.MemManage_Handler) for MemManage_Handler
    startup_stm32f407xx.o(RESET) refers to stm32f4xx_it.o(i.BusFault_Handler) for BusFault_Handler
    startup_stm32f407xx.o(RESET) refers to stm32f4xx_it.o(i.UsageFault_Handler) for UsageFault_Handler
    startup_stm32f407xx.o(RESET) refers to port.o(.emb_text) for SVC_Handler
    startup_stm32f407xx.o(RESET) refers to stm32f4xx_it.o(i.DebugMon_Handler) for DebugMon_Handler
    startup_stm32f407xx.o(RESET) refers to stm32f4xx_it.o(i.SysTick_Handler) for SysTick_Handler
    startup_stm32f407xx.o(RESET) refers to stm32f4xx_it.o(i.CAN1_TX_IRQHandler) for CAN1_TX_IRQHandler
    startup_stm32f407xx.o(RESET) refers to stm32f4xx_it.o(i.CAN1_RX0_IRQHandler) for CAN1_RX0_IRQHandler
    startup_stm32f407xx.o(RESET) refers to stm32f4xx_it.o(i.CAN1_RX1_IRQHandler) for CAN1_RX1_IRQHandler
    startup_stm32f407xx.o(RESET) refers to stm32f4xx_it.o(i.CAN1_SCE_IRQHandler) for CAN1_SCE_IRQHandler
    startup_stm32f407xx.o(RESET) refers to stm32f4xx_it.o(i.USART1_IRQHandler) for USART1_IRQHandler
    startup_stm32f407xx.o(RESET) refers to stm32f4xx_it.o(i.UART4_IRQHandler) for UART4_IRQHandler
    startup_stm32f407xx.o(RESET) refers to stm32f4xx_it.o(i.CAN2_TX_IRQHandler) for CAN2_TX_IRQHandler
    startup_stm32f407xx.o(RESET) refers to stm32f4xx_it.o(i.CAN2_RX0_IRQHandler) for CAN2_RX0_IRQHandler
    startup_stm32f407xx.o(RESET) refers to stm32f4xx_it.o(i.CAN2_RX1_IRQHandler) for CAN2_RX1_IRQHandler
    startup_stm32f407xx.o(RESET) refers to stm32f4xx_it.o(i.CAN2_SCE_IRQHandler) for CAN2_SCE_IRQHandler
    startup_stm32f407xx.o(.text) refers to system_stm32f4xx.o(i.SystemInit) for SystemInit
    startup_stm32f407xx.o(.text) refers to entry.o(.ARM.Collect$$$$00000000) for __main
    main.o(i.SystemClock_Config) refers to memseta.o(.text) for __aeabi_memclr4
    main.o(i.SystemClock_Config) refers to stm32f4xx_hal_rcc.o(i.HAL_RCC_OscConfig) for HAL_RCC_OscConfig
    main.o(i.SystemClock_Config) refers to stm32f4xx_hal_rcc.o(i.HAL_RCC_ClockConfig) for HAL_RCC_ClockConfig
    main.o(i.main) refers to stm32f4xx_hal.o(i.HAL_Init) for HAL_Init
    main.o(i.main) refers to main.o(i.SystemClock_Config) for SystemClock_Config
    main.o(i.main) refers to gpio.o(i.MX_GPIO_Init) for MX_GPIO_Init
    main.o(i.main) refers to can.o(i.MX_CAN1_Init) for MX_CAN1_Init
    main.o(i.main) refers to can.o(i.MX_CAN2_Init) for MX_CAN2_Init
    main.o(i.main) refers to usart.o(i.MX_UART4_Init) for MX_UART4_Init
    main.o(i.main) refers to usart.o(i.MX_UART5_Init) for MX_UART5_Init
    main.o(i.main) refers to usart.o(i.MX_USART1_UART_Init) for MX_USART1_UART_Init
    main.o(i.main) refers to usart.o(i.MX_USART2_UART_Init) for MX_USART2_UART_Init
    main.o(i.main) refers to usart.o(i.MX_USART3_UART_Init) for MX_USART3_UART_Init
    main.o(i.main) refers to usart.o(i.MX_USART6_UART_Init) for MX_USART6_UART_Init
    main.o(i.main) refers to cmsis_os2.o(i.osKernelInitialize) for osKernelInitialize
    main.o(i.main) refers to freertos.o(i.MX_FREERTOS_Init) for MX_FREERTOS_Init
    main.o(i.main) refers to cmsis_os2.o(i.osKernelStart) for osKernelStart
    freertos.o(i.Auto) refers to cmsis_os2.o(i.osDelay) for osDelay
    freertos.o(i.MX_FREERTOS_Init) refers to cmsis_os2.o(i.osThreadNew) for osThreadNew
    freertos.o(i.MX_FREERTOS_Init) refers to freertos.o(.constdata) for .constdata
    freertos.o(i.MX_FREERTOS_Init) refers to freertos.o(i.StartDefaultTask) for StartDefaultTask
    freertos.o(i.MX_FREERTOS_Init) refers to freertos.o(.data) for .data
    freertos.o(i.MX_FREERTOS_Init) refers to freertos.o(i.move_base) for move_base
    freertos.o(i.MX_FREERTOS_Init) refers to freertos.o(i.Robot_state) for Robot_state
    freertos.o(i.MX_FREERTOS_Init) refers to freertos.o(i.Auto) for Auto
    freertos.o(i.MX_FREERTOS_Init) refers to freertos.o(i.data_update) for data_update
    freertos.o(i.MX_FREERTOS_Init) refers to freertos.o(i.motor_control) for motor_control
    freertos.o(i.Robot_state) refers to cmsis_os2.o(i.osDelay) for osDelay
    freertos.o(i.StartDefaultTask) refers to cmsis_os2.o(i.osDelay) for osDelay
    freertos.o(i.data_update) refers to cmsis_os2.o(i.osDelay) for osDelay
    freertos.o(i.motor_control) refers to cmsis_os2.o(i.osDelay) for osDelay
    freertos.o(i.move_base) refers to cmsis_os2.o(i.osDelay) for osDelay
[...]
    Removing elmo.o(i.SendPosCmd), (100 bytes).
    Removing elmo.o(i.SetAccAndDec), (136 bytes).
    Removing elmo.o(i.SetJoggingVel), (104 bytes).
    Removing elmo.o(i.SetPosLoopVel), (104 bytes).
    Removing elmo.o(i.SetUnitMode), (120 bytes).
    Removing elmo.o(i.VelCrl), (4 bytes).
    Removing elmo.o(i.VelLoopCfg), (34 bytes).
    Removing elmo.o(.constdata), (80 bytes).
    Removing movebase.o(.rev16_text), (4 bytes).
    Removing movebase.o(.revsh_text), (4 bytes).
    Removing movebase.o(.rrx_text), (6 bytes).
    Removing hareware.o(.rev16_text), (4 bytes).
    Removing hareware.o(.revsh_text), (4 bytes).
    Removing hareware.o(.rrx_text), (6 bytes).
    Removing hareware.o(i.MotorInit), (212 bytes).

506 unused section(s) (total 30696 bytes) removed from the image.

==============================================================================

Image Symbol Table

    Local Symbols

    Symbol Name                              Value     Ov Type        Size  Object(Section)

    ../Core/Src/can.c                        0x00000000   Number         0  can.o ABSOLUTE
    ../Core/Src/freertos.c                   0x00000000   Number         0  freertos.o ABSOLUTE
    ../Core/Src/gpio.c                       0x00000000   Number         0  gpio.o ABSOLUTE
    ../Core/Src/main.c                       0x00000000   Number         0  main.o ABSOLUTE
    ../Core/Src/stm32f4xx_hal_msp.c          0x00000000   Number         0  stm32f4xx_hal_msp.o ABSOLUTE
    ../Core/Src/stm32f4xx_it.c               0x00000000   Number         0  stm32f4xx_it.o ABSOLUTE
    ../Core/Src/system_stm32f4xx.c           0x00000000   Number         0  system_stm32f4xx.o ABSOLUTE
    ../Core/Src/usart.c                      0x00000000   Number         0  usart.o ABSOLUTE
    ../Drivers/STM32F4xx_HAL_Driver/Src/stm32f4xx_hal.c 0x00000000   Number         0  stm32f4xx_hal.o ABSOLUTE
    ../Drivers/STM32F4xx_HAL_Driver/Src/stm32f4xx_hal_can.c 0x00000000   Number         0  stm32f4xx_hal_can.o ABSOLUTE
    ../Drivers/STM32F4xx_HAL_Driver/Src/stm32f4xx_hal_cortex.c 0x00000000   Number         0  stm32f4xx_hal_cortex.o ABSOLUTE
    ../Drivers/STM32F4xx_HAL_Driver/Src/stm32f4xx_hal_dma.c 0x00000000   Number         0  stm32f4xx_hal_dma.o ABSOLUTE
    ../Drivers/STM32F4xx_HAL_Driver/Src/stm32f4xx_hal_dma_ex.c 0x00000000   Number         0  stm32f4xx_hal_dma_ex.o ABSOLUTE
    ../Drivers/STM32F4xx_HAL_Driver/Src/stm32f4xx_hal_exti.c 0x00000000   Number         0  stm32f4xx_hal_exti.o ABSOLUTE
    ../Drivers/STM32F4xx_HAL_Driver/Src/stm32f4xx_hal_flash.c 0x00000000   Number         0  stm32f4xx_hal_flash.o ABSOLUTE
    ../Drivers/STM32F4xx_HAL_Driver/Src/stm32f4xx_hal_flash_ex.c 0x00000000   Number         0  stm32f4xx_hal_flash_ex.o ABSOLUTE
    ../Drivers/STM32F4xx_HAL_Driver/Src/stm32f4xx_hal_flash_ramfunc.c 0x00000000   Number         0  stm32f4xx_hal_flash_ramfunc.o ABSOLUTE
    ../Drivers/STM32F4xx_HAL_Driver/Src/stm32f4xx_hal_gpio.c 0x00000000   Number         0  stm32f4xx_hal_gpio.o ABSOLUTE
    ../Drivers/STM32F4xx_HAL_Driver/Src/stm32f4xx_hal_pwr.c 0x00000000   Number         0  stm32f4xx_hal_pwr.o ABSOLUTE
    ../Drivers/STM32F4xx_HAL_Driver/Src/stm32f4xx_hal_pwr_ex.c 0x00000000   Number         0  stm32f4xx_hal_pwr_ex.o ABSOLUTE
    ../Drivers/STM32F4xx_HAL_Driver/Src/stm32f4xx_hal_rcc.c 0x00000000   Number         0  stm32f4xx_hal_rcc.o ABSOLUTE
    ../Drivers/STM32F4xx_HAL_Driver/Src/stm32f4xx_hal_rcc_ex.c 0x00000000   Number         0  stm32f4xx_hal_rcc_ex.o ABSOLUTE
    ../Drivers/STM32F4xx_HAL_Driver/Src/stm32f4xx_hal_tim.c 0x00000000   Number         0  stm32f4xx_hal_tim.o ABSOLUTE
    ../Drivers/STM32F4xx_HAL_Driver/Src/stm32f4xx_hal_tim_ex.c 0x00000000   Number         0  stm32f4xx_hal_tim_ex.o ABSOLUTE
    ../Drivers/STM32F4xx_HAL_Driver/Src/stm32f4xx_hal_uart.c 0x00000000   Number         0  stm32f4xx_hal_uart.o ABSOLUTE
    ../Middlewares/Third_Party/FreeRTOS/Source/CMSIS_RTOS_V2/cmsis_os2.c 0x00000000   Number         0  cmsis_os2.o ABSOLUTE
    ../Middlewares/Third_Party/FreeRTOS/Source/croutine.c 0x00000000   Number         0  croutine.o ABSOLUTE
    ../Middlewares/Third_Party/FreeRTOS/Source/event_groups.c 0x00000000   Number         0  event_groups.o ABSOLUTE
    ../Middlewares/Third_Party/FreeRTOS/Source/list.c 0x00000000   Number         0  list.o ABSOLUTE
    ../Middlewares/Third_Party/FreeRTOS/Source/portable/MemMang/heap_4.c 0x00000000   Number         0  heap_4.o ABSOLUTE
    ../Middlewares/Third_Party/FreeRTOS/Source/portable/RVDS/ARM_CM4F/port.c 0x00000000   Number         0  port.o ABSOLUTE
    ../Middlewares/Third_Party/FreeRTOS/Source/queue.c 0x00000000   Number         0  queue.o ABSOLUTE
    ../Middlewares/Third_Party/FreeRTOS/Source/stream_buffer.c 0x00000000   Number         0  stream_buffer.o ABSOLUTE
    ../Middlewares/Third_Party/FreeRTOS/Source/tasks.c 0x00000000   Number         0  tasks.o ABSOLUTE
    ../Middlewares/Third_Party/FreeRTOS/Source/timers.c 0x00000000   Number         0  timers.o ABSOLUTE
    ../clib/microlib/division.c              0x00000000   Number         0  uldiv.o ABSOLUTE
    ../clib/microlib/init/entry.s            0x00000000   Number         0  entry8b.o ABSOLUTE
    ../clib/microlib/init/entry.s            0x00000000   Number         0  entry5.o ABSOLUTE
    ../clib/microlib/init/entry.s            0x00000000   Number         0  entry9a.o ABSOLUTE
    ../clib/microlib/init/entry.s            0x00000000   Number         0  entry.o ABSOLUTE
    ../clib/microlib/init/entry.s            0x00000000   Number         0  entry2.o ABSOLUTE
    ../clib/microlib/init/entry.s            0x00000000   Number         0  entry9b.o ABSOLUTE
    ../clib/microlib/init/entry.s            0x00000000   Number         0  entry8a.o ABSOLUTE
    ../clib/microlib/init/entry.s            0x00000000   Number         0  entry10a.o ABSOLUTE
    ../clib/microlib/init/entry.s            0x00000000   Number         0  entry10b.o ABSOLUTE
    ../clib/microlib/init/entry.s            0x00000000   Number         0  entry11a.o ABSOLUTE
    ../clib/microlib/init/entry.s            0x00000000   Number         0  entry11b.o ABSOLUTE
    ../clib/microlib/init/entry.s            0x00000000   Number         0  entry7b.o ABSOLUTE
    ../clib/microlib/init/entry.s            0x00000000   Number         0  entry7a.o ABSOLUTE
    ../clib/microlib/longlong.c              0x00000000   Number         0  llushr.o ABSOLUTE
    ../clib/microlib/longlong.c              0x00000000   Number         0  llshl.o ABSOLUTE
    ../clib/microlib/string/memcpy.c         0x00000000   Number         0  memcpya.o ABSOLUTE
    ../clib/microlib/string/memcpy.c         0x00000000   Number         0  memcpyb.o ABSOLUTE
    ../clib/microlib/string/memset.c         0x00000000   Number         0  memseta.o ABSOLUTE
    ../clib/microlib/string/memset.c         0x00000000   Number         0  memset.o ABSOLUTE
    ..\Core\Src\can.c                        0x00000000   Number         0  can.o ABSOLUTE
    ..\Core\Src\freertos.c                   0x00000000   Number         0  freertos.o ABSOLUTE
    ..\Core\Src\gpio.c                       0x00000000   Number         0  gpio.o ABSOLUTE
    ..\Core\Src\main.c                       0x00000000   Number         0  main.o ABSOLUTE
    ..\Core\Src\stm32f4xx_hal_msp.c          0x00000000   Number         0  stm32f4xx_hal_msp.o ABSOLUTE
    ..\Core\Src\stm32f4xx_it.c               0x00000000   Number         0  stm32f4xx_it.o ABSOLUTE
    ..\Core\Src\system_stm32f4xx.c           0x00000000   Number         0  system_stm32f4xx.o ABSOLUTE
    ..\Core\Src\usart.c                      0x00000000   Number         0  usart.o ABSOLUTE
    ..\Drivers\STM32F4xx_HAL_Driver\Src\stm32f4xx_hal.c 0x00000000   Number         0  stm32f4xx_hal.o ABSOLUTE
    ..\Drivers\STM32F4xx_HAL_Driver\Src\stm32f4xx_hal_can.c 0x00000000   Number         0  stm32f4xx_hal_can.o ABSOLUTE
    ..\Drivers\STM32F4xx_HAL_Driver\Src\stm32f4xx_hal_cortex.c 0x00000000   Number         0  stm32f4xx_hal_cortex.o ABSOLUTE
    ..\Drivers\STM32F4xx_HAL_Driver\Src\stm32f4xx_hal_dma.c 0x00000000   Number         0  stm32f4xx_hal_dma.o ABSOLUTE
    ..\Drivers\STM32F4xx_HAL_Driver\Src\stm32f4xx_hal_dma_ex.c 0x00000000   Number         0  stm32f4xx_hal_dma_ex.o ABSOLUTE
    ..\Drivers\STM32F4xx_HAL_Driver\Src\stm32f4xx_hal_exti.c 0x00000000   Number         0  stm32f4xx_hal_exti.o ABSOLUTE
    ..\Drivers\STM32F4xx_HAL_Driver\Src\stm32f4xx_hal_flash.c 0x00000000   Number         0  stm32f4xx_hal_flash.o ABSOLUTE
    ..\Drivers\STM32F4xx_HAL_Driver\Src\stm32f4xx_hal_flash_ex.c 0x00000000   Number         0  stm32f4xx_hal_flash_ex.o ABSOLUTE
    ..\Drivers\STM32F4xx_HAL_Driver\Src\stm32f4xx_hal_flash_ramfunc.c 0x00000000   Number         0  stm32f4xx_hal_flash_ramfunc.o ABSOLUTE
    ..\Drivers\STM32F4xx_HAL_Driver\Src\stm32f4xx_hal_gpio.c 0x00000000   Number         0  stm32f4xx_hal_gpio.o ABSOLUTE
    ..\Drivers\STM32F4xx_HAL_Driver\Src\stm32f4xx_hal_pwr.c 0x00000000   Number         0  stm32f4xx_hal_pwr.o ABSOLUTE
    ..\Drivers\STM32F4xx_HAL_Driver\Src\stm32f4xx_hal_pwr_ex.c 0x00000000   Number         0  stm32f4xx_hal_pwr_ex.o ABSOLUTE
    ..\Drivers\STM32F4xx_HAL_Driver\Src\stm32f4xx_hal_rcc.c 0x00000000   Number         0  stm32f4xx_hal_rcc.o ABSOLUTE
    ..\Drivers\STM32F4xx_HAL_Driver\Src\stm32f4xx_hal_rcc_ex.c 0x00000000   Number         0  stm32f4xx_hal_rcc_ex.o ABSOLUTE
    ..\Drivers\STM32F4xx_HAL_Driver\Src\stm32f4xx_hal_tim.c 0x00000000   Number         0  stm32f4xx_hal_tim.o ABSOLUTE
    ..\Drivers\STM32F4xx_HAL_Driver\Src\stm32f4xx_hal_tim_ex.c 0x00000000   Number         0  stm32f4xx_hal_tim_ex.o ABSOLUTE
    ..\Drivers\STM32F4xx_HAL_Driver\Src\stm32f4xx_hal_uart.c 0x00000000   Number         0  stm32f4xx_hal_uart.o ABSOLUTE
    ..\GDUT_User\HareWare.c                  0x00000000   Number         0  hareware.o ABSOLUTE
    ..\GDUT_User\MoveBase.c                  0x00000000   Number         0  movebase.o ABSOLUTE
    ..\GDUT_User\elmo.c                      0x00000000   Number         0  elmo.o ABSOLUTE
    ..\Middlewares\Third_Party\FreeRTOS\Source\CMSIS_RTOS_V2\cmsis_os2.c 0x00000000   Number         0  cmsis_os2.o ABSOLUTE
    ..\Middlewares\Third_Party\FreeRTOS\Source\portable\RVDS\ARM_CM4F\port.c 0x00000000   Number         0  port.o ABSOLUTE
    ..\\GDUT_User\\HareWare.c                0x00000000   Number         0  hareware.o ABSOLUTE
    ..\\GDUT_User\\MoveBase.c                0x00000000   Number         0  movebase.o ABSOLUTE
    ..\\GDUT_User\\elmo.c                    0x00000000   Number         0  elmo.o ABSOLUTE
    dc.s                                     0x00000000   Number         0  dc.o ABSOLUTE
    handlers.s                               0x00000000   Number         0  handlers.o ABSOLUTE
    init.s                                   0x00000000   Number         0  init.o ABSOLUTE
    startup_stm32f407xx.s                    0x00000000   Number         0  startup_stm32f407xx.o ABSOLUTE
    RESET                                    0x08000000   Section      392  startup_stm32f407xx.o(RESET)
    .ARM.Collect$$$$00000000                 0x08000188   Section        0  entry.o(.ARM.Collect$$$$00000000)
    .ARM.Collect$$$$00000001                 0x08000188   Section        4  entry2.o(.ARM.Collect$$$$00000001)
    .ARM.Collect$$$$00000004                 0x0800018c   Section        4  entry5.o(.ARM.Collect$$$$00000004)
    .ARM.Collect$$$$00000008                 0x08000190   Section        0  entry7b.o(.ARM.Collect$$$$00000008)
    .ARM.Collect$$$$0000000A                 0x08000190   Section        0  entry8b.o(.ARM.Collect$$$$0000000A)
    .ARM.Collect$$$$0000000B                 0x08000190   Section        8  entry9a.o(.ARM.Collect$$$$0000000B)
    .ARM.Collect$$$$0000000D                 0x08000198   Section        0  entry10a.o(.ARM.Collect$$$$0000000D)
    .ARM.Collect$$$$0000000F                 0x08000198   Section        0  entry11a.o(.ARM.Collect$$$$0000000F)
    .ARM.Collect$$$$00002712                 0x08000198   Section        4  entry2.o(.ARM.Collect$$$$00002712)
    __lit__00000000                          0x08000198   Data           4  entry2.o(.ARM.Collect$$$$00002712)
    .emb_text                                0x0800019c   Section      190  port.o(.emb_text)
    $v0                                      0x0800019c   Number         0  port.o(.emb_text)
    .text                                    0x0800025c   Section       36  startup_stm32f407xx.o(.text)
    $v0                                      0x0800025c   Number         0  startup_stm32f407xx.o(.text)
    .text                                    0x08000280   Section        0  uldiv.o(.text)
    .text                                    0x080002e2   Section        0  memcpya.o(.text)
    .text                                    0x08000306   Section        0  memseta.o(.text)
    .text                                    0x0800032a   Section        0  llshl.o(.text)
    .text                                    0x08000348   Section        0  llushr.o(.text)
    .text                                    0x08000368   Section       36  init.o(.text)
    i.Auto                                   0x0800038c   Section        0  freertos.o(i.Auto)
    i.BusFault_Handler                       0x08000394   Section        0  stm32f4xx_it.o(i.BusFault_Handler)
    i.CAN1_RX0_IRQHandler                    0x08000398   Section        0  stm32f4xx_it.o(i.CAN1_RX0_IRQHandler)
    i.CAN1_RX1_IRQHandler                    0x080003a4   Section        0  stm32f4xx_it.o(i.CAN1_RX1_IRQHandler)
    i.CAN1_SCE_IRQHandler                    0x080003b0   Section        0  stm32f4xx_it.o(i.CAN1_SCE_IRQHandler)
    i.CAN1_TX_IRQHandler                     0x080003bc   Section        0  stm32f4xx_it.o(i.CAN1_TX_IRQHandler)
    i.CAN2_RX0_IRQHandler                    0x080003c8   Section        0  stm32f4xx_it.o(i.CAN2_RX0_IRQHandler)
    i.CAN2_RX1_IRQHandler                    0x080003d4   Section        0  stm32f4xx_it.o(i.CAN2_RX1_IRQHandler)
    i.CAN2_SCE_IRQHandler                    0x080003e0   Section        0  stm32f4xx_it.o(i.CAN2_SCE_IRQHandler)
    i.CAN2_TX_IRQHandler                     0x080003ec   Section        0  stm32f4xx_it.o(i.CAN2_TX_IRQHandler)
    i.DebugMon_Handler                       0x080003f8   Section        0  stm32f4xx_it.o(i.DebugMon_Handler)
    i.Error_Handler                          0x080003fa   Section        0  main.o(i.Error_Handler)
    i.HAL_CAN_ErrorCallback                  0x080003fe   Section        0  stm32f4xx_hal_can.o(i.HAL_CAN_ErrorCallback)
    i.HAL_CAN_IRQHandler                     0x08000400   Section        0  stm32f4xx_hal_can.o(i.HAL_CAN_IRQHandler)
    i.HAL_CAN_Init                           0x080005fc   Section        0  stm32f4xx_hal_can.o(i.HAL_CAN_Init)
    i.HAL_CAN_MspInit                        0x08000718   Section        0  can.o(i.HAL_CAN_MspInit)
    i.HAL_CAN_RxFifo0FullCallback            0x08000878   Section        0  stm32f4xx_hal_can.o(i.HAL_CAN_RxFifo0FullCallback)
    i.HAL_CAN_RxFifo0MsgPendingCallback      0x0800087a   Section        0  stm32f4xx_hal_can.o(i.HAL_CAN_RxFifo0MsgPendingCallback)
    i.HAL_CAN_RxFifo1FullCallback            0x0800087c   Section        0  stm32f4xx_hal_can.o(i.HAL_CAN_RxFifo1FullCallback)
    i.HAL_CAN_RxFifo1MsgPendingCallback      0x0800087e   Section        0  stm32f4xx_hal_can.o(i.HAL_CAN_RxFifo1MsgPendingCallback)
    i.HAL_CAN_SleepCallback                  0x08000880   Section        0  stm32f4xx_hal_can.o(i.HAL_CAN_SleepCallback)
    i.HAL_CAN_TxMailbox0AbortCallback        0x08000882   Section        0  stm32f4xx_hal_can.o(i.HAL_CAN_TxMailbox0AbortCallback)
    i.HAL_CAN_TxMailbox0CompleteCallback     0x08000884   Section        0  stm32f4xx_hal_can.o(i.HAL_CAN_TxMailbox0CompleteCallback)
    i.HAL_CAN_TxMailbox1AbortCallback        0x08000886   Section        0  stm32f4xx_hal_can.o(i.HAL_CAN_TxMailbox1AbortCallback)
    i.HAL_CAN_TxMailbox1CompleteCallback     0x08000888   Section        0  stm32f4xx_hal_can.o(i.HAL_CAN_TxMailbox1CompleteCallback)
    i.HAL_CAN_TxMailbox2AbortCallback        0x0800088a   Section        0  stm32f4xx_hal_can.o(i.HAL_CAN_TxMailbox2AbortCallback)
    i.HAL_CAN_TxMailbox2CompleteCallback     0x0800088c   Section        0  stm32f4xx_hal_can.o(i.HAL_CAN_TxMailbox2CompleteCallback)
    i.HAL_CAN_WakeUpFromRxMsgCallback        0x0800088e   Section        0  stm32f4xx_hal_can.o(i.HAL_CAN_WakeUpFromRxMsgCallback)
    i.HAL_DMA_Abort                          0x08000890   Section        0  stm32f4xx_hal_dma.o(i.HAL_DMA_Abort)
    i.HAL_DMA_Abort_IT                       0x08000922   Section        0  stm32f4xx_hal_dma.o(i.HAL_DMA_Abort_IT)
    i.HAL_GPIO_Init                          0x08000948   Section        0  stm32f4xx_hal_gpio.o(i.HAL_GPIO_Init)
    i.HAL_GetTick                            0x08000b38   Section        0  stm32f4xx_hal.o(i.HAL_GetTick)
    i.HAL_HalfDuplex_Init                    0x08000b44   Section        0  stm32f4xx_hal_uart.o(i.HAL_HalfDuplex_Init)
    i.HAL_IncTick                            0x08000bb0   Section        0  stm32f4xx_hal.o(i.HAL_IncTick)
    i.HAL_Init                               0x08000bc0   Section        0  stm32f4xx_hal.o(i.HAL_Init)
    i.HAL_InitTick                           0x08000bf4   Section        0  stm32f4xx_hal.o(i.HAL_InitTick)
    i.HAL_MspInit                            0x08000c34   Section        0  stm32f4xx_hal_msp.o(i.HAL_MspInit)
    i.HAL_NVIC_EnableIRQ                     0x08000c6c   Section        0  stm32f4xx_hal_cortex.o(i.HAL_NVIC_EnableIRQ)
    i.HAL_NVIC_SetPriority                   0x08000c88   Section        0  stm32f4xx_hal_cortex.o(i.HAL_NVIC_SetPriority)
    i.HAL_NVIC_SetPriorityGrouping           0x08000cc8   Section        0  stm32f4xx_hal_cortex.o(i.HAL_NVIC_SetPriorityGrouping)
    i.HAL_RCC_ClockConfig                    0x08000cec   Section        0  stm32f4xx_hal_rcc.o(i.HAL_RCC_ClockConfig)
    i.HAL_RCC_GetPCLK1Freq                   0x08000e20   Section        0  stm32f4xx_hal_rcc.o(i.HAL_RCC_GetPCLK1Freq)
    i.HAL_RCC_GetPCLK2Freq                   0x08000e40   Section        0  stm32f4xx_hal_rcc.o(i.HAL_RCC_GetPCLK2Freq)
    i.HAL_RCC_GetSysClockFreq                0x08000e60   Section        0  stm32f4xx_hal_rcc.o(i.HAL_RCC_GetSysClockFreq)
    i.HAL_RCC_OscConfig                      0x08000ec4   Section        0  stm32f4xx_hal_rcc.o(i.HAL_RCC_OscConfig)
    i.HAL_SYSTICK_Config                     0x08001230   Section        0  stm32f4xx_hal_cortex.o(i.HAL_SYSTICK_Config)
    i.HAL_UARTEx_RxEventCallback             0x08001258   Section        0  stm32f4xx_hal_uart.o(i.HAL_UARTEx_RxEventCallback)
    i.HAL_UART_ErrorCallback                 0x0800125a   Section        0  stm32f4xx_hal_uart.o(i.HAL_UART_ErrorCallback)
    i.HAL_UART_IRQHandler                    0x0800125c   Section        0  stm32f4xx_hal_uart.o(i.HAL_UART_IRQHandler)
    i.HAL_UART_MspInit                       0x080014c4   Section        0  usart.o(i.HAL_UART_MspInit)
    i.HAL_UART_RxCpltCallback                0x080016a8   Section        0  stm32f4xx_hal_uart.o(i.HAL_UART_RxCpltCallback)
    i.HAL_UART_TxCpltCallback                0x080016aa   Section        0  stm32f4xx_hal_uart.o(i.HAL_UART_TxCpltCallback)
    i.HardFault_Handler                      0x080016ac   Section        0  stm32f4xx_it.o(i.HardFault_Handler)
    i.MX_CAN1_Init                           0x080016b0   Section        0  can.o(i.MX_CAN1_Init)
    i.MX_CAN2_Init                           0x080016f8   Section        0  can.o(i.MX_CAN2_Init)
    i.MX_FREERTOS_Init                       0x08001740   Section        0  freertos.o(i.MX_FREERTOS_Init)
    i.MX_GPIO_Init                           0x080017b8   Section        0  gpio.o(i.MX_GPIO_Init)
    i.MX_UART4_Init                          0x08001804   Section        0  usart.o(i.MX_UART4_Init)
    i.MX_UART5_Init                          0x0800183c   Section        0  usart.o(i.MX_UART5_Init)
    i.MX_USART1_UART_Init                    0x08001874   Section        0  usart.o(i.MX_USART1_UART_Init)
    i.MX_USART2_UART_Init                    0x080018ac   Section        0  usart.o(i.MX_USART2_UART_Init)
    i.MX_USART3_UART_Init                    0x080018e4   Section        0  usart.o(i.MX_USART3_UART_Init)
    i.MX_USART6_UART_Init                    0x0800191c   Section        0  usart.o(i.MX_USART6_UART_Init)
    i.MemManage_Handler                      0x08001954   Section        0  stm32f4xx_it.o(i.MemManage_Handler)
    i.NMI_Handler                            0x08001956   Section        0  stm32f4xx_it.o(i.NMI_Handler)
    i.Robot_state                            0x08001958   Section        0  freertos.o(i.Robot_state)
    i.StartDefaultTask                       0x08001960   Section        0  freertos.o(i.StartDefaultTask)
    i.SysTick_Handler                        0x08001968   Section        0  stm32f4xx_it.o(i.SysTick_Handler)
    i.SystemClock_Config                     0x08001980   Section        0  main.o(i.SystemClock_Config)
    i.SystemInit                             0x08001a18   Section        0  system_stm32f4xx.o(i.SystemInit)
    i.UART4_IRQHandler                       0x08001a28   Section        0  stm32f4xx_it.o(i.UART4_IRQHandler)
    i.UART_DMAAbortOnError                   0x08001a34   Section        0  stm32f4xx_hal_uart.o(i.UART_DMAAbortOnError)
    UART_DMAAbortOnError                     0x08001a35   Thumb Code    16  stm32f4xx_hal_uart.o(i.UART_DMAAbortOnError)
    i.UART_EndRxTransfer                     0x08001a44   Section        0  stm32f4xx_hal_uart.o(i.UART_EndRxTransfer)
    UART_EndRxTransfer                       0x08001a45   Thumb Code    78  stm32f4xx_hal_uart.o(i.UART_EndRxTransfer)
    i.UART_Receive_IT                        0x08001a92   Section        0  stm32f4xx_hal_uart.o(i.UART_Receive_IT)
    UART_Receive_IT                          0x08001a93   Thumb Code   192  stm32f4xx_hal_uart.o(i.UART_Receive_IT)
    i.UART_SetConfig                         0x08001b54   Section        0  stm32f4xx_hal_uart.o(i.UART_SetConfig)
    UART_SetConfig                           0x08001b55   Thumb Code   258  stm32f4xx_hal_uart.o(i.UART_SetConfig)
    i.USART1_IRQHandler                      0x08001c60   Section        0  stm32f4xx_it.o(i.USART1_IRQHandler)
    i.UsageFault_Handler                     0x08001c6c   Section        0  stm32f4xx_it.o(i.UsageFault_Handler)
    i.__NVIC_SetPriority                     0x08001c6e   Section        0  stm32f4xx_hal_cortex.o(i.__NVIC_SetPriority)
    __NVIC_SetPriority                       0x08001c6f   Thumb Code    32  stm32f4xx_hal_cortex.o(i.__NVIC_SetPriority)
    i.__scatterload_copy                     0x08001c8e   Section       14  handlers.o(i.__scatterload_copy)
    i.__scatterload_null                     0x08001c9c   Section        2  handlers.o(i.__scatterload_null)
    i.__scatterload_zeroinit                 0x08001c9e   Section       14  handlers.o(i.__scatterload_zeroinit)
    i.data_update                            0x08001cac   Section        0  freertos.o(i.data_update)
    i.main                                   0x08001cb4   Section        0  main.o(i.main)
    i.motor_control                          0x08001cee   Section        0  freertos.o(i.motor_control)
    i.move_base                              0x08001cf6   Section        0  freertos.o(i.move_base)
    i.osDelay                                0x08001cfe   Section        0  cmsis_os2.o(i.osDelay)
    i.osKernelInitialize                     0x08001d18   Section        0  cmsis_os2.o(i.osKernelInitialize)
    i.osKernelStart                          0x08001d3c   Section        0  cmsis_os2.o(i.osKernelStart)
    i.osThreadNew                            0x08001d74   Section        0  cmsis_os2.o(i.osThreadNew)
    i.prvAddCurrentTaskToDelayedList         0x08001dfc   Section        0  tasks.o(i.prvAddCurrentTaskToDelayedList)
    prvAddCurrentTaskToDelayedList           0x08001dfd   Thumb Code    84  tasks.o(i.prvAddCurrentTaskToDelayedList)
    i.prvAddNewTaskToReadyList               0x08001e58   Section        0  tasks.o(i.prvAddNewTaskToReadyList)
    prvAddNewTaskToReadyList                 0x08001e59   Thumb Code   190  tasks.o(i.prvAddNewTaskToReadyList)
    i.prvCheckForValidListAndQueue           0x08001f28   Section        0  timers.o(i.prvCheckForValidListAndQueue)
    prvCheckForValidListAndQueue             0x08001f29   Thumb Code    72  timers.o(i.prvCheckForValidListAndQueue)
    i.prvCopyDataFromQueue                   0x08001f80   Section        0  queue.o(i.prvCopyDataFromQueue)
    prvCopyDataFromQueue                     0x08001f81   Thumb Code    38  queue.o(i.prvCopyDataFromQueue)
    i.prvCopyDataToQueue                     0x08001fa6   Section        0  queue.o(i.prvCopyDataToQueue)
    prvCopyDataToQueue                       0x08001fa7   Thumb Code   108  queue.o(i.prvCopyDataToQueue)
    i.prvDeleteTCB                           0x08002012   Section        0  tasks.o(i.prvDeleteTCB)
    prvDeleteTCB                             0x08002013   Thumb Code    52  tasks.o(i.prvDeleteTCB)
    i.prvHeapInit                            0x08002048   Section        0  heap_4.o(i.prvHeapInit)
    prvHeapInit                              0x08002049   Thumb Code    66  heap_4.o(i.prvHeapInit)
    i.prvIdleTask                            0x08002094   Section        0  tasks.o(i.prvIdleTask)
    prvIdleTask                              0x08002095   Thumb Code    82  tasks.o(i.prvIdleTask)
    i.prvInitialiseNewQueue                  0x080020f4   Section        0  queue.o(i.prvInitialiseNewQueue)
    prvInitialiseNewQueue                    0x080020f5   Thumb Code    34  queue.o(i.prvInitialiseNewQueue)
    i.prvInitialiseNewTask                   0x08002118   Section        0  tasks.o(i.prvInitialiseNewTask)
    prvInitialiseNewTask                     0x08002119   Thumb Code   176  tasks.o(i.prvInitialiseNewTask)
    i.prvInsertBlockIntoFreeList             0x080021c8   Section        0  heap_4.o(i.prvInsertBlockIntoFreeList)
    prvInsertBlockIntoFreeList               0x080021c9   Thumb Code    72  heap_4.o(i.prvInsertBlockIntoFreeList)
    i.prvInsertTimerInActiveList             0x08002214   Section        0  timers.o(i.prvInsertTimerInActiveList)
    prvInsertTimerInActiveList               0x08002215   Thumb Code    52  timers.o(i.prvInsertTimerInActiveList)
    i.prvIsQueueEmpty                        0x0800224c   Section        0  queue.o(i.prvIsQueueEmpty)
    prvIsQueueEmpty                          0x0800224d   Thumb Code    28  queue.o(i.prvIsQueueEmpty)
    i.prvProcessReceivedCommands             0x08002268   Section        0  timers.o(i.prvProcessReceivedCommands)
    prvProcessReceivedCommands               0x08002269   Thumb Code   248  timers.o(i.prvProcessReceivedCommands)
    i.prvProcessTimerOrBlockTask             0x08002364   Section        0  timers.o(i.prvProcessTimerOrBlockTask)
    prvProcessTimerOrBlockTask               0x08002365   Thumb Code   182  timers.o(i.prvProcessTimerOrBlockTask)
    i.prvResetNextTaskUnblockTime            0x08002424   Section        0  tasks.o(i.prvResetNextTaskUnblockTime)
    prvResetNextTaskUnblockTime              0x08002425   Thumb Code    26  tasks.o(i.prvResetNextTaskUnblockTime)
    i.prvSampleTimeNow                       0x08002444   Section        0  timers.o(i.prvSampleTimeNow)
    prvSampleTimeNow                         0x08002445   Thumb Code    36  timers.o(i.prvSampleTimeNow)
    i.prvSwitchTimerLists                    0x0800246c   Section        0  timers.o(i.prvSwitchTimerLists)
    prvSwitchTimerLists                      0x0800246d   Thumb Code   104  timers.o(i.prvSwitchTimerLists)
    i.prvTaskExitError                       0x080024d8   Section        0  port.o(i.prvTaskExitError)
    prvTaskExitError                         0x080024d9   Thumb Code    36  port.o(i.prvTaskExitError)
    i.prvTimerTask                           0x08002500   Section        0  timers.o(i.prvTimerTask)
    prvTimerTask                             0x08002501   Thumb Code    32  timers.o(i.prvTimerTask)
    i.prvUnlockQueue                         0x08002524   Section        0  queue.o(i.prvUnlockQueue)
    prvUnlockQueue                           0x08002525   Thumb Code   106  queue.o(i.prvUnlockQueue)
    i.pvPortMalloc                           0x08002590   Section        0  heap_4.o(i.pvPortMalloc)
    i.pxPortInitialiseStack                  0x0800266c   Section        0  port.o(i.pxPortInitialiseStack)
    i.uxListRemove                           0x08002698   Section        0  list.o(i.uxListRemove)
    i.vApplicationGetIdleTaskMemory          0x080026c0   Section        0  cmsis_os2.o(i.vApplicationGetIdleTaskMemory)
    i.vApplicationGetTimerTaskMemory         0x080026d4   Section        0  cmsis_os2.o(i.vApplicationGetTimerTaskMemory)
    i.vListInitialise                        0x080026ec   Section        0  list.o(i.vListInitialise)
    i.vListInitialiseItem                    0x08002702   Section        0  list.o(i.vListInitialiseItem)
    i.vListInsert                            0x08002708   Section        0  list.o(i.vListInsert)
    i.vListInsertEnd                         0x08002738   Section        0  list.o(i.vListInsertEnd)
    i.vPortEnterCritical                     0x08002750   Section        0  port.o(i.vPortEnterCritical)
    i.vPortExitCritical                      0x08002790   Section        0  port.o(i.vPortExitCritical)
    i.vPortFree                              0x080027b8   Section        0  heap_4.o(i.vPortFree)
    i.vPortSetupTimerInterrupt               0x0800281c   Section        0  port.o(i.vPortSetupTimerInterrupt)
    i.vPortValidateInterruptPriority         0x08002840   Section        0  port.o(i.vPortValidateInterruptPriority)
    i.vQueueAddToRegistry                    0x08002894   Section        0  queue.o(i.vQueueAddToRegistry)
    i.vQueueWaitForMessageRestricted         0x080028bc   Section        0  queue.o(i.vQueueWaitForMessageRestricted)
    i.vTaskDelay                             0x08002900   Section        0  tasks.o(i.vTaskDelay)
    i.vTaskInternalSetTimeOutState           0x0800294c   Section        0  tasks.o(i.vTaskInternalSetTimeOutState)
    i.vTaskMissedYield                       0x0800295c   Section        0  tasks.o(i.vTaskMissedYield)
    i.vTaskPlaceOnEventList                  0x08002968   Section        0  tasks.o(i.vTaskPlaceOnEventList)
    i.vTaskPlaceOnEventListRestricted        0x08002998   Section        0  tasks.o(i.vTaskPlaceOnEventListRestricted)
    i.vTaskStartScheduler                    0x080029d0   Section        0  tasks.o(i.vTaskStartScheduler)
    i.vTaskSuspendAll                        0x08002a58   Section        0  tasks.o(i.vTaskSuspendAll)
    i.vTaskSwitchContext                     0x08002a68   Section        0  tasks.o(i.vTaskSwitchContext)
    i.xPortStartScheduler                    0x08002acc   Section        0  port.o(i.xPortStartScheduler)
    i.xPortSysTickHandler                    0x08002bc0   Section        0  port.o(i.xPortSysTickHandler)
    i.xQueueGenericCreateStatic              0x08002bec   Section        0  queue.o(i.xQueueGenericCreateStatic)
    i.xQueueGenericReset                     0x08002c54   Section        0  queue.o(i.xQueueGenericReset)
    i.xQueueGenericSend                      0x08002cdc   Section        0  queue.o(i.xQueueGenericSend)
    i.xQueueGenericSendFromISR               0x08002e3c   Section        0  queue.o(i.xQueueGenericSendFromISR)
    i.xQueueReceive                          0x08002efc   Section        0  queue.o(i.xQueueReceive)
    i.xTaskCheckForTimeOut                   0x08003034   Section        0  tasks.o(i.xTaskCheckForTimeOut)
    i.xTaskCreate                            0x080030a8   Section        0  tasks.o(i.xTaskCreate)
    i.xTaskCreateStatic                      0x08003102   Section        0  tasks.o(i.xTaskCreateStatic)
    i.xTaskGetSchedulerState                 0x08003158   Section        0  tasks.o(i.xTaskGetSchedulerState)
    i.xTaskGetTickCount                      0x08003174   Section        0  tasks.o(i.xTaskGetTickCount)
    i.xTaskIncrementTick                     0x08003180   Section        0  tasks.o(i.xTaskIncrementTick)
    i.xTaskPriorityDisinherit                0x08003248   Section        0  tasks.o(i.xTaskPriorityDisinherit)
    i.xTaskRemoveFromEventList               0x080032c8   Section        0  tasks.o(i.xTaskRemoveFromEventList)
    i.xTaskResumeAll                         0x08003338   Section        0  tasks.o(i.xTaskResumeAll)
    i.xTimerCreateTimerTask                  0x080033fc   Section        0  timers.o(i.xTimerCreateTimerTask)
    i.xTimerGenericCommand                   0x0800345c   Section        0  timers.o(i.xTimerGenericCommand)
    .constdata                               0x080034c4   Section      216  freertos.o(.constdata)
    .constdata                               0x0800359c   Section       16  system_stm32f4xx.o(.constdata)
    .constdata                               0x080035ac   Section        8  system_stm32f4xx.o(.constdata)
    .conststring                             0x080035b4   Section       88  freertos.o(.conststring)
    .data                                    0x20000000   Section       24  freertos.o(.data)
    .data                                    0x20000018   Section        4  can.o(.data)
    HAL_RCC_CAN1_CLK_ENABLED                 0x20000018   Data           4  can.o(.data)
    .data                                    0x2000001c   Section       12  stm32f4xx_hal.o(.data)
    .data                                    0x20000028   Section        4  system_stm32f4xx.o(.data)
    .data                                    0x2000002c   Section       60  tasks.o(.data)
    uxDeletedTasksWaitingCleanUp             0x20000030   Data           4  tasks.o(.data)
    uxCurrentNumberOfTasks                   0x20000034   Data           4  tasks.o(.data)
    xTickCount                               0x20000038   Data           4  tasks.o(.data)
    uxTopReadyPriority                       0x2000003c   Data           4  tasks.o(.data)
    xSchedulerRunning                        0x20000040   Data           4  tasks.o(.data)
    xPendedTicks                             0x20000044   Data           4  tasks.o(.data)
    xYieldPending                            0x20000048   Data           4  tasks.o(.data)
    xNumOfOverflows                          0x2000004c   Data           4  tasks.o(.data)
    uxTaskNumber                             0x20000050   Data           4  tasks.o(.data)
    xNextTaskUnblockTime                     0x20000054   Data           4  tasks.o(.data)
    xIdleTaskHandle                          0x20000058   Data           4  tasks.o(.data)
    uxSchedulerSuspended                     0x2000005c   Data           4  tasks.o(.data)
    pxDelayedTaskList                        0x20000060   Data           4  tasks.o(.data)
    pxOverflowDelayedTaskList                0x20000064   Data           4  tasks.o(.data)
    .data                                    0x20000068   Section       20  timers.o(.data)
    xTimerQueue                              0x20000068   Data           4  timers.o(.data)
    xTimerTaskHandle                         0x2000006c   Data           4  timers.o(.data)
    xLastTime                                0x20000070   Data           4  timers.o(.data)
    pxCurrentTimerList                       0x20000074   Data           4  timers.o(.data)
    pxOverflowTimerList                      0x20000078   Data           4  timers.o(.data)
    .data                                    0x2000007c   Section        4  cmsis_os2.o(.data)
    KernelState                              0x2000007c   Data           4  cmsis_os2.o(.data)
    .data                                    0x20000080   Section       32  heap_4.o(.data)
    pxEnd                                    0x20000080   Data           4  heap_4.o(.data)
    xFreeBytesRemaining                      0x20000084   Data           4  heap_4.o(.data)
    xMinimumEverFreeBytesRemaining           0x20000088   Data           4  heap_4.o(.data)
    xNumberOfSuccessfulAllocations           0x2000008c   Data           4  heap_4.o(.data)
    xNumberOfSuccessfulFrees                 0x20000090   Data           4  heap_4.o(.data)
    xBlockAllocatedBit                       0x20000094   Data           4  heap_4.o(.data)
    xStart                                   0x20000098   Data           8  heap_4.o(.data)
    .data                                    0x200000a0   Section       12  port.o(.data)
    ucMaxSysCallPriority                     0x200000a0   Data           1  port.o(.data)
    uxCriticalNesting                        0x200000a4   Data           4  port.o(.data)
    ulMaxPRIGROUPValue                       0x200000a8   Data           4  port.o(.data)
    .bss                                     0x200000ac   Section       80  can.o(.bss)
    .bss                                     0x200000fc   Section      408  usart.o(.bss)
    .bss                                     0x20000294   Section       64  queue.o(.bss)
    .bss                                     0x200002d4   Section     1220  tasks.o(.bss)
    pxReadyTasksLists                        0x200002d4   Data        1120  tasks.o(.bss)
    xDelayedTaskList1                        0x20000734   Data          20  tasks.o(.bss)
    xDelayedTaskList2                        0x20000748   Data          20  tasks.o(.bss)
    xPendingReadyList                        0x2000075c   Data          20  tasks.o(.bss)
    xTasksWaitingTermination                 0x20000770   Data          20  tasks.o(.bss)
    xSuspendedTaskList                       0x20000784   Data          20  tasks.o(.bss)
    .bss                                     0x20000798   Section      280  timers.o(.bss)
    xStaticTimerQueue                        0x20000798   Data          80  timers.o(.bss)
    ucStaticTimerQueueStorage                0x200007e8   Data         160  timers.o(.bss)
    xActiveTimerList1                        0x20000888   Data          20  timers.o(.bss)
    xActiveTimerList2                        0x2000089c   Data          20  timers.o(.bss)
    .bss                                     0x200008b0   Section     1720  cmsis_os2.o(.bss)
    Idle_TCB                                 0x200008b0   Data          92  cmsis_os2.o(.bss)
    Idle_Stack                               0x2000090c   Data         512  cmsis_os2.o(.bss)
    Timer_TCB                                0x20000b0c   Data          92  cmsis_os2.o(.bss)
    Timer_Stack                              0x20000b68   Data        1024  cmsis_os2.o(.bss)
    .bss                                     0x20000f68   Section    15360  heap_4.o(.bss)
    ucHeap                                   0x20000f68   Data       15360  heap_4.o(.bss)
    STACK                                    0x20004b68   Section     1024  startup_stm32f407xx.o(STACK)

    Global Symbols

    Symbol Name                              Value     Ov Type        Size  Object(Section)

    BuildAttributes$$THM_ISAv4$E$P$D$K$B$S$7EM$VFPi3$EXTD16$VFPS$VFMA$PE$A:L22UL41UL21$X:L11$S22US41US21$IEEE1$IW$USESV6$~STKCKD$USESV7$~SHL$OSPACE$EBA8$MICROLIB$REQ8$PRES8$EABIv2 0x00000000   Number         0  anon$$obj.o ABSOLUTE
    __ARM_use_no_argv                        0x00000000   Number         0  main.o ABSOLUTE
    __cpp_initialize__aeabi_                  - Undefined Weak Reference
    __cxa_finalize                            - Undefined Weak Reference
    __decompress                              - Undefined Weak Reference
    _clock_init                               - Undefined Weak Reference
    _microlib_exit                            - Undefined Weak Reference
    __Vectors_Size                           0x00000188   Number         0  startup_stm32f407xx.o ABSOLUTE
    __Vectors                                0x08000000   Data           4  startup_stm32f407xx.o(RESET)
    __Vectors_End                            0x08000188   Data           0  startup_stm32f407xx.o(RESET)
    __main                                   0x08000189   Thumb Code     0  entry.o(.ARM.Collect$$$$00000000)
    _main_stk                                0x08000189   Thumb Code     0  entry2.o(.ARM.Collect$$$$00000001)
    _main_scatterload                        0x0800018d   Thumb Code     0  entry5.o(.ARM.Collect$$$$00000004)
    __main_after_scatterload                 0x08000191   Thumb Code     0  entry5.o(.ARM.Collect$$$$00000004)
    _main_clock                              0x08000191   Thumb Code     0  entry7b.o(.ARM.Collect$$$$00000008)
    _main_cpp_init                           0x08000191   Thumb Code     0  entry8b.o(.ARM.Collect$$$$0000000A)
    _main_init                               0x08000191   Thumb Code     0  entry9a.o(.ARM.Collect$$$$0000000B)
    __rt_final_cpp                           0x08000199   Thumb Code     0  entry10a.o(.ARM.Collect$$$$0000000D)
    __rt_final_exit                          0x08000199   Thumb Code     0  entry11a.o(.ARM.Collect$$$$0000000F)
    SVC_Handler                              0x0800019d   Thumb Code    28  port.o(.emb_text)
    __asm___6_port_c_39a90d8d__prvStartFirstTask 0x080001bd   Thumb Code    36  port.o(.emb_text)
    __asm___6_port_c_39a90d8d__prvEnableVFP  0x080001e5   Thumb Code    16  port.o(.emb_text)
    PendSV_Handler                           0x080001f9   Thumb Code    88  port.o(.emb_text)
    vPortGetIPSR                             0x08000255   Thumb Code     6  port.o(.emb_text)
    Reset_Handler                            0x0800025d   Thumb Code     8  startup_stm32f407xx.o(.text)
    ADC_IRQHandler                           0x08000277   Thumb Code     0  startup_stm32f407xx.o(.text)
    DCMI_IRQHandler                          0x08000277   Thumb Code     0  startup_stm32f407xx.o(.text)
    DMA1_Stream0_IRQHandler                  0x08000277   Thumb Code     0  startup_stm32f407xx.o(.text)
    DMA1_Stream1_IRQHandler                  0x08000277   Thumb Code     0  startup_stm32f407xx.o(.text)
    DMA1_Stream2_IRQHandler                  0x08000277   Thumb Code     0  startup_stm32f407xx.o(.text)
    DMA1_Stream3_IRQHandler                  0x08000277   Thumb Code     0  startup_stm32f407xx.o(.text)
    DMA1_Stream4_IRQHandler                  0x08000277   Thumb Code     0  startup_stm32f407xx.o(.text)
    DMA1_Stream5_IRQHandler                  0x08000277   Thumb Code     0  startup_stm32f407xx.o(.text)
    DMA1_Stream6_IRQHandler                  0x08000277   Thumb Code     0  startup_stm32f407xx.o(.text)
    DMA1_Stream7_IRQHandler                  0x08000277   Thumb Code     0  startup_stm32f407xx.o(.text)
    DMA2_Stream0_IRQHandler                  0x08000277   Thumb Code     0  startup_stm32f407xx.o(.text)
    DMA2_Stream1_IRQHandler                  0x08000277   Thumb Code     0  startup_stm32f407xx.o(.text)
    DMA2_Stream2_IRQHandler                  0x08000277   Thumb Code     0  startup_stm32f407xx.o(.text)
    DMA2_Stream3_IRQHandler                  0x08000277   Thumb Code     0  startup_stm32f407xx.o(.text)
    DMA2_Stream4_IRQHandler                  0x08000277   Thumb Code     0  startup_stm32f407xx.o(.text)
    DMA2_Stream5_IRQHandler                  0x08000277   Thumb Code     0  startup_stm32f407xx.o(.text)
    DMA2_Stream6_IRQHandler                  0x08000277   Thumb Code     0  startup_stm32f407xx.o(.text)
    DMA2_Stream7_IRQHandler                  0x08000277   Thumb Code     0  startup_stm32f407xx.o(.text)
    ETH_IRQHandler                           0x08000277   Thumb Code     0  startup_stm32f407xx.o(.text)
    ETH_WKUP_IRQHandler                      0x08000277   Thumb Code     0  startup_stm32f407xx.o(.text)
    EXTI0_IRQHandler                         0x08000277   Thumb Code     0  startup_stm32f407xx.o(.text)
    EXTI15_10_IRQHandler                     0x08000277   Thumb Code     0  startup_stm32f407xx.o(.text)
    EXTI1_IRQHandler                         0x08000277   Thumb Code     0  startup_stm32f407xx.o(.text)
    EXTI2_IRQHandler                         0x08000277   Thumb Code     0  startup_stm32f407xx.o(.text)
    EXTI3_IRQHandler                         0x08000277   Thumb Code     0  startup_stm32f407xx.o(.text)
    EXTI4_IRQHandler                         0x08000277   Thumb Code     0  startup_stm32f407xx.o(.text)
    EXTI9_5_IRQHandler                       0x08000277   Thumb Code     0  startup_stm32f407xx.o(.text)
    FLASH_IRQHandler                         0x08000277   Thumb Code     0  startup_stm32f407xx.o(.text)
    FMC_IRQHandler                           0x08000277   Thumb Code     0  startup_stm32f407xx.o(.text)
    FPU_IRQHandler                           0x08000277   Thumb Code     0  startup_stm32f407xx.o(.text)
    HASH_RNG_IRQHandler                      0x08000277   Thumb Code     0  startup_stm32f407xx.o(.text)
    I2C1_ER_IRQHandler                       0x08000277   Thumb Code     0  startup_stm32f407xx.o(.text)
    I2C1_EV_IRQHandler                       0x08000277   Thumb Code     0  startup_stm32f407xx.o(.text)
    I2C2_ER_IRQHandler                       0x08000277   Thumb Code     0  startup_stm32f407xx.o(.text)
    I2C2_EV_IRQHandler                       0x08000277   Thumb Code     0  startup_stm32f407xx.o(.text)
    I2C3_ER_IRQHandler                       0x08000277   Thumb Code     0  startup_stm32f407xx.o(.text)
    I2C3_EV_IRQHandler                       0x08000277   Thumb Code     0  startup_stm32f407xx.o(.text)
    OTG_FS_IRQHandler                        0x08000277   Thumb Code     0  startup_stm32f407xx.o(.text)
    OTG_FS_WKUP_IRQHandler                   0x08000277   Thumb Code     0  startup_stm32f407xx.o(.text)
    OTG_HS_EP1_IN_IRQHandler                 0x08000277   Thumb Code     0  startup_stm32f407xx.o(.text)
    OTG_HS_EP1_OUT_IRQHandler                0x08000277   Thumb Code     0  startup_stm32f407xx.o(.text)
    OTG_HS_IRQHandler                        0x08000277   Thumb Code     0  startup_stm32f407xx.o(.text)
    OTG_HS_WKUP_IRQHandler                   0x08000277   Thumb Code     0  startup_stm32f407xx.o(.text)
    PVD_IRQHandler                           0x08000277   Thumb Code     0  startup_stm32f407xx.o(.text)
    RCC_IRQHandler                           0x08000277   Thumb Code     0  startup_stm32f407xx.o(.text)
    RTC_Alarm_IRQHandler                     0x08000277   Thumb Code     0  startup_stm32f407xx.o(.text)
    RTC_WKUP_IRQHandler                      0x08000277   Thumb Code     0  startup_stm32f407xx.o(.text)
    SDIO_IRQHandler                          0x08000277   Thumb Code     0  startup_stm32f407xx.o(.text)
    SPI1_IRQHandler                          0x08000277   Thumb Code     0  startup_stm32f407xx.o(.text)
    SPI2_IRQHandler                          0x08000277   Thumb Code     0  startup_stm32f407xx.o(.text)
    SPI3_IRQHandler                          0x08000277   Thumb Code     0  startup_stm32f407xx.o(.text)
    TAMP_STAMP_IRQHandler                    0x08000277   Thumb Code     0  startup_stm32f407xx.o(.text)
    TIM1_BRK_TIM9_IRQHandler                 0x08000277   Thumb Code     0  startup_stm32f407xx.o(.text)
    TIM1_CC_IRQHandler                       0x08000277   Thumb Code     0  startup_stm32f407xx.o(.text)
    TIM1_TRG_COM_TIM11_IRQHandler            0x08000277   Thumb Code     0  startup_stm32f407xx.o(.text)
    TIM1_UP_TIM10_IRQHandler                 0x08000277   Thumb Code     0  startup_stm32f407xx.o(.text)
    TIM2_IRQHandler                          0x08000277   Thumb Code     0  startup_stm32f407xx.o(.text)
    TIM3_IRQHandler                          0x08000277   Thumb Code     0  startup_stm32f407xx.o(.text)
    TIM4_IRQHandler                          0x08000277   Thumb Code     0  startup_stm32f407xx.o(.text)
    TIM5_IRQHandler                          0x08000277   Thumb Code     0  startup_stm32f407xx.o(.text)
    TIM6_DAC_IRQHandler                      0x08000277   Thumb Code     0  startup_stm32f407xx.o(.text)
    TIM7_IRQHandler                          0x08000277   Thumb Code     0  startup_stm32f407xx.o(.text)
    TIM8_BRK_TIM12_IRQHandler                0x08000277   Thumb Code     0  startup_stm32f407xx.o(.text)
    TIM8_CC_IRQHandler                       0x08000277   Thumb Code     0  startup_stm32f407xx.o(.text)
    TIM8_TRG_COM_TIM14_IRQHandler            0x08000277   Thumb Code     0  startup_stm32f407xx.o(.text)
    TIM8_UP_TIM13_IRQHandler                 0x08000277   Thumb Code     0  startup_stm32f407xx.o(.text)
    UART5_IRQHandler                         0x08000277   Thumb Code     0  startup_stm32f407xx.o(.text)
    USART2_IRQHandler                        0x08000277   Thumb Code     0  startup_stm32f407xx.o(.text)
    USART3_IRQHandler                        0x08000277   Thumb Code     0  startup_stm32f407xx.o(.text)
    USART6_IRQHandler                        0x08000277   Thumb Code     0  startup_stm32f407xx.o(.text)
    WWDG_IRQHandler                          0x08000277   Thumb Code     0  startup_stm32f407xx.o(.text)
    __aeabi_uldivmod                         0x08000281   Thumb Code    98  uldiv.o(.text)
    __aeabi_memcpy                           0x080002e3   Thumb Code    36  memcpya.o(.text)
    __aeabi_memcpy4                          0x080002e3   Thumb Code     0  memcpya.o(.text)
    __aeabi_memcpy8                          0x080002e3   Thumb Code     0  memcpya.o(.text)
    __aeabi_memset                           0x08000307   Thumb Code    14  memseta.o(.text)
    __aeabi_memset4                          0x08000307   Thumb Code     0  memseta.o(.text)
    __aeabi_memset8                          0x08000307   Thumb Code     0  memseta.o(.text)
    __aeabi_memclr                           0x08000315   Thumb Code     4  memseta.o(.text)
    __aeabi_memclr4                          0x08000315   Thumb Code     0  memseta.o(.text)
    __aeabi_memclr8                          0x08000315   Thumb Code     0  memseta.o(.text)
    memset                                   0x08000319   Thumb Code    18  memseta.o(.text)
    __aeabi_llsl                             0x0800032b   Thumb Code    30  llshl.o(.text)
    _ll_shift_l                              0x0800032b   Thumb Code     0  llshl.o(.text)
    __aeabi_llsr                             0x08000349   Thumb Code    32  llushr.o(.text)
    _ll_ushift_r                             0x08000349   Thumb Code     0  llushr.o(.text)
    __scatterload                            0x08000369   Thumb Code    28  init.o(.text)
    __scatterload_rt2                        0x08000369   Thumb Code     0  init.o(.text)
    Auto                                     0x0800038d   Thumb Code     8  freertos.o(i.Auto)
    BusFault_Handler                         0x08000395   Thumb Code     2  stm32f4xx_it.o(i.BusFault_Handler)
    CAN1_RX0_IRQHandler                      0x08000399   Thumb Code     6  stm32f4xx_it.o(i.CAN1_RX0_IRQHandler)
    CAN1_RX1_IRQHandler                      0x080003a5   Thumb Code     6  stm32f4xx_it.o(i.CAN1_RX1_IRQHandler)
    CAN1_SCE_IRQHandler                      0x080003b1   Thumb Code     6  stm32f4xx_it.o(i.CAN1_SCE_IRQHandler)
    CAN1_TX_IRQHandler                       0x080003bd   Thumb Code     6  stm32f4xx_it.o(i.CAN1_TX_IRQHandler)
    CAN2_RX0_IRQHandler                      0x080003c9   Thumb Code     6  stm32f4xx_it.o(i.CAN2_RX0_IRQHandler)
    CAN2_RX1_IRQHandler                      0x080003d5   Thumb Code     6  stm32f4xx_it.o(i.CAN2_RX1_IRQHandler)
    CAN2_SCE_IRQHandler                      0x080003e1   Thumb Code     6  stm32f4xx_it.o(i.CAN2_SCE_IRQHandler)
    CAN2_TX_IRQHandler                       0x080003ed   Thumb Code     6  stm32f4xx_it.o(i.CAN2_TX_IRQHandler)
    DebugMon_Handler                         0x080003f9   Thumb Code     2  stm32f4xx_it.o(i.DebugMon_Handler)
    Error_Handler                            0x080003fb   Thumb Code     4  main.o(i.Error_Handler)
    HAL_CAN_ErrorCallback                    0x080003ff   Thumb Code     2  stm32f4xx_hal_can.o(i.HAL_CAN_ErrorCallback)
    HAL_CAN_IRQHandler                       0x08000401   Thumb Code   508  stm32f4xx_hal_can.o(i.HAL_CAN_IRQHandler)
    HAL_CAN_Init                             0x080005fd   Thumb Code   282  stm32f4xx_hal_can.o(i.HAL_CAN_Init)
    HAL_CAN_MspInit                          0x08000719   Thumb Code   328  can.o(i.HAL_CAN_MspInit)
    HAL_CAN_RxFifo0FullCallback              0x08000879   Thumb Code     2  stm32f4xx_hal_can.o(i.HAL_CAN_RxFifo0FullCallback)
    HAL_CAN_RxFifo0MsgPendingCallback        0x0800087b   Thumb Code     2  stm32f4xx_hal_can.o(i.HAL_CAN_RxFifo0MsgPendingCallback)
    HAL_CAN_RxFifo1FullCallback              0x0800087d   Thumb Code     2  stm32f4xx_hal_can.o(i.HAL_CAN_RxFifo1FullCallback)
    HAL_CAN_RxFifo1MsgPendingCallback        0x0800087f   Thumb Code     2  stm32f4xx_hal_can.o(i.HAL_CAN_RxFifo1MsgPendingCallback)
    HAL_CAN_SleepCallback                    0x08000881   Thumb Code     2  stm32f4xx_hal_can.o(i.HAL_CAN_SleepCallback)
    HAL_CAN_TxMailbox0AbortCallback          0x08000883   Thumb Code     2  stm32f4xx_hal_can.o(i.HAL_CAN_TxMailbox0AbortCallback)
    HAL_CAN_TxMailbox0CompleteCallback       0x08000885   Thumb Code     2  stm32f4xx_hal_can.o(i.HAL_CAN_TxMailbox0CompleteCallback)
    HAL_CAN_TxMailbox1AbortCallback          0x08000887   Thumb Code     2  stm32f4xx_hal_can.o(i.HAL_CAN_TxMailbox1AbortCallback)
    HAL_CAN_TxMailbox1CompleteCallback       0x08000889   Thumb Code     2  stm32f4xx_hal_can.o(i.HAL_CAN_TxMailbox1CompleteCallback)
    HAL_CAN_TxMailbox2AbortCallback          0x0800088b   Thumb Code     2  stm32f4xx_hal_can.o(i.HAL_CAN_TxMailbox2AbortCallback)
    HAL_CAN_TxMailbox2CompleteCallback       0x0800088d   Thumb Code     2  stm32f4xx_hal_can.o(i.HAL_CAN_TxMailbox2CompleteCallback)
    HAL_CAN_WakeUpFromRxMsgCallback          0x0800088f   Thumb Code     2  stm32f4xx_hal_can.o(i.HAL_CAN_WakeUpFromRxMsgCallback)
    HAL_DMA_Abort                            0x08000891   Thumb Code   146  stm32f4xx_hal_dma.o(i.HAL_DMA_Abort)
    HAL_DMA_Abort_IT                         0x08000923   Thumb Code    36  stm32f4xx_hal_dma.o(i.HAL_DMA_Abort_IT)
    HAL_GPIO_Init                            0x08000949   Thumb Code   450  stm32f4xx_hal_gpio.o(i.HAL_GPIO_Init)
    HAL_GetTick                              0x08000b39   Thumb Code     6  stm32f4xx_hal.o(i.HAL_GetTick)
    HAL_HalfDuplex_Init                      0x08000b45   Thumb Code   108  stm32f4xx_hal_uart.o(i.HAL_HalfDuplex_Init)
    HAL_IncTick                              0x08000bb1   Thumb Code    12  stm32f4xx_hal.o(i.HAL_IncTick)
    HAL_Init                                 0x08000bc1   Thumb Code    48  stm32f4xx_hal.o(i.HAL_Init)
    HAL_InitTick                             0x08000bf5   Thumb Code    54  stm32f4xx_hal.o(i.HAL_InitTick)
    HAL_MspInit                              0x08000c35   Thumb Code    52  stm32f4xx_hal_msp.o(i.HAL_MspInit)
    HAL_NVIC_EnableIRQ                       0x08000c6d   Thumb Code    26  stm32f4xx_hal_cortex.o(i.HAL_NVIC_EnableIRQ)
    HAL_NVIC_SetPriority                     0x08000c89   Thumb Code    60  stm32f4xx_hal_cortex.o(i.HAL_NVIC_SetPriority)
    HAL_NVIC_SetPriorityGrouping             0x08000cc9   Thumb Code    26  stm32f4xx_hal_cortex.o(i.HAL_NVIC_SetPriorityGrouping)
    HAL_RCC_ClockConfig                      0x08000ced   Thumb Code   288  stm32f4xx_hal_rcc.o(i.HAL_RCC_ClockConfig)
    HAL_RCC_GetPCLK1Freq                     0x08000e21   Thumb Code    20  stm32f4xx_hal_rcc.o(i.HAL_RCC_GetPCLK1Freq)
    HAL_RCC_GetPCLK2Freq                     0x08000e41   Thumb Code    20  stm32f4xx_hal_rcc.o(i.HAL_RCC_GetPCLK2Freq)
    HAL_RCC_GetSysClockFreq                  0x08000e61   Thumb Code    88  stm32f4xx_hal_rcc.o(i.HAL_RCC_GetSysClockFreq)
    HAL_RCC_OscConfig                        0x08000ec5   Thumb Code   856  stm32f4xx_hal_rcc.o(i.HAL_RCC_OscConfig)
    HAL_SYSTICK_Config                       0x08001231   Thumb Code    40  stm32f4xx_hal_cortex.o(i.HAL_SYSTICK_Config)
    HAL_UARTEx_RxEventCallback               0x08001259   Thumb Code     2  stm32f4xx_hal_uart.o(i.HAL_UARTEx_RxEventCallback)
    HAL_UART_ErrorCallback                   0x0800125b   Thumb Code     2  stm32f4xx_hal_uart.o(i.HAL_UART_ErrorCallback)
    HAL_UART_IRQHandler                      0x0800125d   Thumb Code   610  stm32f4xx_hal_uart.o(i.HAL_UART_IRQHandler)
    HAL_UART_MspInit                         0x080014c5   Thumb Code   442  usart.o(i.HAL_UART_MspInit)
    HAL_UART_RxCpltCallback                  0x080016a9   Thumb Code     2  stm32f4xx_hal_uart.o(i.HAL_UART_RxCpltCallback)
    HAL_UART_TxCpltCallback                  0x080016ab   Thumb Code     2  stm32f4xx_hal_uart.o(i.HAL_UART_TxCpltCallback)
    HardFault_Handler                        0x080016ad   Thumb Code     2  stm32f4xx_it.o(i.HardFault_Handler)
    MX_CAN1_Init                             0x080016b1   Thumb Code    62  can.o(i.MX_CAN1_Init)
    MX_CAN2_Init                             0x080016f9   Thumb Code    62  can.o(i.MX_CAN2_Init)
    MX_FREERTOS_Init                         0x08001741   Thumb Code    88  freertos.o(i.MX_FREERTOS_Init)
    MX_GPIO_Init                             0x080017b9   Thumb Code    70  gpio.o(i.MX_GPIO_Init)
    MX_UART4_Init                            0x08001805   Thumb Code    48  usart.o(i.MX_UART4_Init)
    MX_UART5_Init                            0x0800183d   Thumb Code    48  usart.o(i.MX_UART5_Init)
    MX_USART1_UART_Init                      0x08001875   Thumb Code    48  usart.o(i.MX_USART1_UART_Init)
    MX_USART2_UART_Init                      0x080018ad   Thumb Code    48  usart.o(i.MX_USART2_UART_Init)
    MX_USART3_UART_Init                      0x080018e5   Thumb Code    48  usart.o(i.MX_USART3_UART_Init)
    MX_USART6_UART_Init                      0x0800191d   Thumb Code    48  usart.o(i.MX_USART6_UART_Init)
    MemManage_Handler                        0x08001955   Thumb Code     2  stm32f4xx_it.o(i.MemManage_Handler)
    NMI_Handler                              0x08001957   Thumb Code     2  stm32f4xx_it.o(i.NMI_Handler)
    Robot_state                              0x08001959   Thumb Code     8  freertos.o(i.Robot_state)
    StartDefaultTask                         0x08001961   Thumb Code     8  freertos.o(i.StartDefaultTask)
    SysTick_Handler                          0x08001969   Thumb Code    24  stm32f4xx_it.o(i.SysTick_Handler)
    SystemClock_Config                       0x08001981   Thumb Code   142  main.o(i.SystemClock_Config)
    SystemInit                               0x08001a19   Thumb Code    12  system_stm32f4xx.o(i.SystemInit)
    UART4_IRQHandler                         0x08001a29   Thumb Code     6  stm32f4xx_it.o(i.UART4_IRQHandler)
    USART1_IRQHandler                        0x08001c61   Thumb Code     6  stm32f4xx_it.o(i.USART1_IRQHandler)
    UsageFault_Handler                       0x08001c6d   Thumb Code     2  stm32f4xx_it.o(i.UsageFault_Handler)
    __scatterload_copy                       0x08001c8f   Thumb Code    14  handlers.o(i.__scatterload_copy)
    __scatterload_null                       0x08001c9d   Thumb Code     2  handlers.o(i.__scatterload_null)
    __scatterload_zeroinit                   0x08001c9f   Thumb Code    14  handlers.o(i.__scatterload_zeroinit)
    data_update                              0x08001cad   Thumb Code     8  freertos.o(i.data_update)
    main                                     0x08001cb5   Thumb Code    58  main.o(i.main)
    motor_control                            0x08001cef   Thumb Code     8  freertos.o(i.motor_control)
    move_base                                0x08001cf7   Thumb Code     8  freertos.o(i.move_base)
    osDelay                                  0x08001cff   Thumb Code    26  cmsis_os2.o(i.osDelay)
    osKernelInitialize                       0x08001d19   Thumb Code    32  cmsis_os2.o(i.osKernelInitialize)
    osKernelStart                            0x08001d3d   Thumb Code    48  cmsis_os2.o(i.osKernelStart)
    osThreadNew                              0x08001d75   Thumb Code   136  cmsis_os2.o(i.osThreadNew)
    pvPortMalloc                             0x08002591   Thumb Code   216  heap_4.o(i.pvPortMalloc)
    pxPortInitialiseStack                    0x0800266d   Thumb Code    40  port.o(i.pxPortInitialiseStack)
    uxListRemove                             0x08002699   Thumb Code    38  list.o(i.uxListRemove)
    vApplicationGetIdleTaskMemory            0x080026c1   Thumb Code    16  cmsis_os2.o(i.vApplicationGetIdleTaskMemory)
    vApplicationGetTimerTaskMemory           0x080026d5   Thumb Code    18  cmsis_os2.o(i.vApplicationGetTimerTaskMemory)
    vListInitialise                          0x080026ed   Thumb Code    22  list.o(i.vListInitialise)
    vListInitialiseItem                      0x08002703   Thumb Code     6  list.o(i.vListInitialiseItem)
    vListInsert                              0x08002709   Thumb Code    48  list.o(i.vListInsert)
    vListInsertEnd                           0x08002739   Thumb Code    24  list.o(i.vListInsertEnd)
    vPortEnterCritical                       0x08002751   Thumb Code    54  port.o(i.vPortEnterCritical)
    vPortExitCritical                        0x08002791   Thumb Code    34  port.o(i.vPortExitCritical)
    vPortFree                                0x080027b9   Thumb Code    94  heap_4.o(i.vPortFree)
    vPortSetupTimerInterrupt                 0x0800281d   Thumb Code    32  port.o(i.vPortSetupTimerInterrupt)
    vPortValidateInterruptPriority           0x08002841   Thumb Code    74  port.o(i.vPortValidateInterruptPriority)
    vQueueAddToRegistry                      0x08002895   Thumb Code    34  queue.o(i.vQueueAddToRegistry)
    vQueueWaitForMessageRestricted           0x080028bd   Thumb Code    68  queue.o(i.vQueueWaitForMessageRestricted)
    vTaskDelay                               0x08002901   Thumb Code    66  tasks.o(i.vTaskDelay)
    vTaskInternalSetTimeOutState             0x0800294d   Thumb Code    12  tasks.o(i.vTaskInternalSetTimeOutState)
    vTaskMissedYield                         0x0800295d   Thumb Code     8  tasks.o(i.vTaskMissedYield)
    vTaskPlaceOnEventList                    0x08002969   Thumb Code    44  tasks.o(i.vTaskPlaceOnEventList)
    vTaskPlaceOnEventListRestricted          0x08002999   Thumb Code    52  tasks.o(i.vTaskPlaceOnEventListRestricted)
    vTaskStartScheduler                      0x080029d1   Thumb Code   118  tasks.o(i.vTaskStartScheduler)
    vTaskSuspendAll                          0x08002a59   Thumb Code    10  tasks.o(i.vTaskSuspendAll)
    vTaskSwitchContext                       0x08002a69   Thumb Code    90  tasks.o(i.vTaskSwitchContext)
    xPortStartScheduler                      0x08002acd   Thumb Code   222  port.o(i.xPortStartScheduler)
    xPortSysTickHandler                      0x08002bc1   Thumb Code    38  port.o(i.xPortSysTickHandler)
    xQueueGenericCreateStatic                0x08002bed   Thumb Code   102  queue.o(i.xQueueGenericCreateStatic)
    xQueueGenericReset                       0x08002c55   Thumb Code   132  queue.o(i.xQueueGenericReset)
    xQueueGenericSend                        0x08002cdd   Thumb Code   346  queue.o(i.xQueueGenericSend)
    xQueueGenericSendFromISR                 0x08002e3d   Thumb Code   190  queue.o(i.xQueueGenericSendFromISR)
    xQueueReceive                            0x08002efd   Thumb Code   308  queue.o(i.xQueueReceive)
    xTaskCheckForTimeOut                     0x08003035   Thumb Code   112  tasks.o(i.xTaskCheckForTimeOut)
    xTaskCreate                              0x080030a9   Thumb Code    90  tasks.o(i.xTaskCreate)
    xTaskCreateStatic                        0x08003103   Thumb Code    86  tasks.o(i.xTaskCreateStatic)
    xTaskGetSchedulerState                   0x08003159   Thumb Code    22  tasks.o(i.xTaskGetSchedulerState)
    xTaskGetTickCount                        0x08003175   Thumb Code     6  tasks.o(i.xTaskGetTickCount)
    xTaskIncrementTick                       0x08003181   Thumb Code   192  tasks.o(i.xTaskIncrementTick)
    xTaskPriorityDisinherit                  0x08003249   Thumb Code   118  tasks.o(i.xTaskPriorityDisinherit)
    xTaskRemoveFromEventList                 0x080032c9   Thumb Code    98  tasks.o(i.xTaskRemoveFromEventList)
    xTaskResumeAll                           0x08003339   Thumb Code   182  tasks.o(i.xTaskResumeAll)
    xTimerCreateTimerTask                    0x080033fd   Thumb Code    78  timers.o(i.xTimerCreateTimerTask)
    xTimerGenericCommand                     0x0800345d   Thumb Code    98  timers.o(i.xTimerGenericCommand)
    defaultTask_attributes                   0x080034c4   Data          36  freertos.o(.constdata)
    move_base_task_attributes                0x080034e8   Data          36  freertos.o(.constdata)
    Robot_state_tas_attributes               0x0800350c   Data          36  freertos.o(.constdata)
    Auto_task_attributes                     0x08003530   Data          36  freertos.o(.constdata)
    data_update_tas_attributes               0x08003554   Data          36  freertos.o(.constdata)
    motor_control_t_attributes               0x08003578   Data          36  freertos.o(.constdata)
    AHBPrescTable                            0x0800359c   Data          16  system_stm32f4xx.o(.constdata)
    APBPrescTable                            0x080035ac   Data           8  system_stm32f4xx.o(.constdata)
    Region$$Table$$Base                      0x0800360c   Number         0  anon$$obj.o(Region$$Table)
    Region$$Table$$Limit                     0x0800362c   Number         0  anon$$obj.o(Region$$Table)
    defaultTaskHandle                        0x20000000   Data           4  freertos.o(.data)
    move_base_taskHandle                     0x20000004   Data           4  freertos.o(.data)
    Robot_state_tasHandle                    0x20000008   Data           4  freertos.o(.data)
    Auto_taskHandle                          0x2000000c   Data           4  freertos.o(.data)
    data_update_tasHandle                    0x20000010   Data           4  freertos.o(.data)
    motor_control_tHandle                    0x20000014   Data           4  freertos.o(.data)
    uwTickFreq                               0x2000001c   Data           1  stm32f4xx_hal.o(.data)
    uwTickPrio                               0x20000020   Data           4  stm32f4xx_hal.o(.data)
    uwTick                                   0x20000024   Data           4  stm32f4xx_hal.o(.data)
    SystemCoreClock                          0x20000028   Data           4  system_stm32f4xx.o(.data)
    pxCurrentTCB                             0x2000002c   Data           4  tasks.o(.data)
    hcan1                                    0x200000ac   Data          40  can.o(.bss)
    hcan2                                    0x200000d4   Data          40  can.o(.bss)
    huart4                                   0x200000fc   Data          68  usart.o(.bss)
    huart5                                   0x20000140   Data          68  usart.o(.bss)
    huart1                                   0x20000184   Data          68  usart.o(.bss)
    huart2                                   0x200001c8   Data          68  usart.o(.bss)
    huart3                                   0x2000020c   Data          68  usart.o(.bss)
    huart6                                   0x20000250   Data          68  usart.o(.bss)
    xQueueRegistry                           0x20000294   Data          64  queue.o(.bss)
    __initial_sp                             0x20004f68   Data           0  startup_stm32f407xx.o(STACK)



==============================================================================

Memory Map of the image

  Image Entry point : 0x08000189

  Load Region LR_IROM1 (Base: 0x08000000, Size: 0x000036d8, Max: 0x00100000, ABSOLUTE)

    Execution Region ER_IROM1 (Exec base: 0x08000000, Load base: 0x08000000, Size: 0x0000362c, Max: 0x00100000, ABSOLUTE)

    Exec Addr    Load Addr    Size         Type   Attr      Idx    E Section Name        Object

    0x08000000   0x08000000   0x00000188   Data   RO            3    RESET               startup_stm32f407xx.o
    0x08000188   0x08000188   0x00000000   Code   RO         4266  * .ARM.Collect$$$$00000000  mc_w.l(entry.o)
    0x08000188   0x08000188   0x00000004   Code   RO         4279    .ARM.Collect$$$$00000001  mc_w.l(entry2.o)
    0x0800018c   0x0800018c   0x00000004   Code   RO         4282    .ARM.Collect$$$$00000004  mc_w.l(entry5.o)
    0x08000190   0x08000190   0x00000000   Code   RO         4284    .ARM.Collect$$$$00000008  mc_w.l(entry7b.o)
    0x08000190   0x08000190   0x00000000   Code   RO         4286    .ARM.Collect$$$$0000000A  mc_w.l(entry8b.o)
    0x08000190   0x08000190   0x00000008   Code   RO         4287    .ARM.Collect$$$$0000000B  mc_w.l(entry9a.o)
    0x08000198   0x08000198   0x00000000   Code   RO         4289    .ARM.Collect$$$$0000000D  mc_w.l(entry10a.o)
    0x08000198   0x08000198   0x00000000   Code   RO         4291    .ARM.Collect$$$$0000000F  mc_w.l(entry11a.o)
    0x08000198   0x08000198   0x00000004   Code   RO         4280    .ARM.Collect$$$$00002712  mc_w.l(entry2.o)
    0x0800019c   0x0800019c   0x000000be   Code   RO         4038    .emb_text           port.o
    0x0800025a   0x0800025a   0x00000002   PAD
    0x0800025c   0x0800025c   0x00000024   Code   RO            4    .text               startup_stm32f407xx.o
    0x08000280   0x08000280   0x00000062   Code   RO         4269    .text               mc_w.l(uldiv.o)
    0x080002e2   0x080002e2   0x00000024   Code   RO         4271    .text               mc_w.l(memcpya.o)
    0x08000306   0x08000306   0x00000024   Code   RO         4275    .text               mc_w.l(memseta.o)
    0x0800032a   0x0800032a   0x0000001e   Code   RO         4293    .text               mc_w.l(llshl.o)
    0x08000348   0x08000348   0x00000020   Code   RO         4295    .text               mc_w.l(llushr.o)
    0x08000368   0x08000368   0x00000024   Code   RO         4297    .text               mc_w.l(init.o)
    0x0800038c   0x0800038c   0x00000008   Code   RO          226    i.Auto              freertos.o
    0x08000394   0x08000394   0x00000002   Code   RO          422    i.BusFault_Handler  stm32f4xx_it.o
    0x08000396   0x08000396   0x00000002   PAD
    0x08000398   0x08000398   0x0000000c   Code   RO          423    i.CAN1_RX0_IRQHandler  stm32f4xx_it.o
    0x080003a4   0x080003a4   0x0000000c   Code   RO          424    i.CAN1_RX1_IRQHandler  stm32f4xx_it.o
    0x080003b0   0x080003b0   0x0000000c   Code   RO          425    i.CAN1_SCE_IRQHandler  stm32f4xx_it.o
    0x080003bc   0x080003bc   0x0000000c   Code   RO          426    i.CAN1_TX_IRQHandler  stm32f4xx_it.o
    0x080003c8   0x080003c8   0x0000000c   Code   RO          427    i.CAN2_RX0_IRQHandler  stm32f4xx_it.o
    0x080003d4   0x080003d4   0x0000000c   Code   RO          428    i.CAN2_RX1_IRQHandler  stm32f4xx_it.o
    0x080003e0   0x080003e0   0x0000000c   Code   RO          429    i.CAN2_SCE_IRQHandler  stm32f4xx_it.o
    0x080003ec   0x080003ec   0x0000000c   Code   RO          430    i.CAN2_TX_IRQHandler  stm32f4xx_it.o
    0x080003f8   0x080003f8   0x00000002   Code   RO          431    i.DebugMon_Handler  stm32f4xx_it.o
    0x080003fa   0x080003fa   0x00000004   Code   RO           13    i.Error_Handler     main.o
    0x080003fe   0x080003fe   0x00000002   Code   RO          575    i.HAL_CAN_ErrorCallback  stm32f4xx_hal_can.o
    0x08000400   0x08000400   0x000001fc   Code   RO          582    i.HAL_CAN_IRQHandler  stm32f4xx_hal_can.o
    0x080005fc   0x080005fc   0x0000011a   Code   RO          583    i.HAL_CAN_Init      stm32f4xx_hal_can.o
    0x08000716   0x08000716   0x00000002   PAD
    0x08000718   0x08000718   0x00000160   Code   RO          300    i.HAL_CAN_MspInit   can.o
    0x08000878   0x08000878   0x00000002   Code   RO          590    i.HAL_CAN_RxFifo0FullCallback  stm32f4xx_hal_can.o
    0x0800087a   0x0800087a   0x00000002   Code   RO          591    i.HAL_CAN_RxFifo0MsgPendingCallback  stm32f4xx_hal_can.o
    0x0800087c   0x0800087c   0x00000002   Code   RO          592    i.HAL_CAN_RxFifo1FullCallback  stm32f4xx_hal_can.o
    0x0800087e   0x0800087e   0x00000002   Code   RO          593    i.HAL_CAN_RxFifo1MsgPendingCallback  stm32f4xx_hal_can.o
    0x08000880   0x08000880   0x00000002   Code   RO          594    i.HAL_CAN_SleepCallback  stm32f4xx_hal_can.o
    0x08000882   0x08000882   0x00000002   Code   RO          597    i.HAL_CAN_TxMailbox0AbortCallback  stm32f4xx_hal_can.o
    0x08000884   0x08000884   0x00000002   Code   RO          598    i.HAL_CAN_TxMailbox0CompleteCallback  stm32f4xx_hal_can.o
    0x08000886   0x08000886   0x00000002   Code   RO          599    i.HAL_CAN_TxMailbox1AbortCallback  stm32f4xx_hal_can.o
    0x08000888   0x08000888   0x00000002   Code   RO          600    i.HAL_CAN_TxMailbox1CompleteCallback  stm32f4xx_hal_can.o
    0x0800088a   0x0800088a   0x00000002   Code   RO          601    i.HAL_CAN_TxMailbox2AbortCallback  stm32f4xx_hal_can.o
    0x0800088c   0x0800088c   0x00000002   Code   RO          602    i.HAL_CAN_TxMailbox2CompleteCallback  stm32f4xx_hal_can.o
    0x0800088e   0x0800088e   0x00000002   Code   RO          604    i.HAL_CAN_WakeUpFromRxMsgCallback  stm32f4xx_hal_can.o
    0x08000890   0x08000890   0x00000092   Code   RO         1265    i.HAL_DMA_Abort     stm32f4xx_hal_dma.o
    0x08000922   0x08000922   0x00000024   Code   RO         1266    i.HAL_DMA_Abort_IT  stm32f4xx_hal_dma.o
    0x08000946   0x08000946   0x00000002   PAD
    0x08000948   0x08000948   0x000001f0   Code   RO         1158    i.HAL_GPIO_Init     stm32f4xx_hal_gpio.o
    0x08000b38   0x08000b38   0x0000000c   Code   RO         1690    i.HAL_GetTick       stm32f4xx_hal.o
    0x08000b44   0x08000b44   0x0000006c   Code   RO         1973    i.HAL_HalfDuplex_Init  stm32f4xx_hal_uart.o
    0x08000bb0   0x08000bb0   0x00000010   Code   RO         1696    i.HAL_IncTick       stm32f4xx_hal.o
    0x08000bc0   0x08000bc0   0x00000034   Code   RO         1697    i.HAL_Init          stm32f4xx_hal.o
    0x08000bf4   0x08000bf4   0x00000040   Code   RO         1698    i.HAL_InitTick      stm32f4xx_hal.o
    0x08000c34   0x08000c34   0x00000038   Code   RO          545    i.HAL_MspInit       stm32f4xx_hal_msp.o
    0x08000c6c   0x08000c6c   0x0000001a   Code   RO         1547    i.HAL_NVIC_EnableIRQ  stm32f4xx_hal_cortex.o
    0x08000c86   0x08000c86   0x00000002   PAD
    0x08000c88   0x08000c88   0x00000040   Code   RO         1553    i.HAL_NVIC_SetPriority  stm32f4xx_hal_cortex.o
    0x08000cc8   0x08000cc8   0x00000024   Code   RO         1554    i.HAL_NVIC_SetPriorityGrouping  stm32f4xx_hal_cortex.o
    0x08000cec   0x08000cec   0x00000134   Code   RO          804    i.HAL_RCC_ClockConfig  stm32f4xx_hal_rcc.o
    0x08000e20   0x08000e20   0x00000020   Code   RO          811    i.HAL_RCC_GetPCLK1Freq  stm32f4xx_hal_rcc.o
    0x08000e40   0x08000e40   0x00000020   Code   RO          812    i.HAL_RCC_GetPCLK2Freq  stm32f4xx_hal_rcc.o
    0x08000e60   0x08000e60   0x00000064   Code   RO          813    i.HAL_RCC_GetSysClockFreq  stm32f4xx_hal_rcc.o
    0x08000ec4   0x08000ec4   0x0000036c   Code   RO          816    i.HAL_RCC_OscConfig  stm32f4xx_hal_rcc.o
    0x08001230   0x08001230   0x00000028   Code   RO         1558    i.HAL_SYSTICK_Config  stm32f4xx_hal_cortex.o
    0x08001258   0x08001258   0x00000002   Code   RO         1982    i.HAL_UARTEx_RxEventCallback  stm32f4xx_hal_uart.o
    0x0800125a   0x0800125a   0x00000002   Code   RO         1996    i.HAL_UART_ErrorCallback  stm32f4xx_hal_uart.o
    0x0800125c   0x0800125c   0x00000268   Code   RO         1999    i.HAL_UART_IRQHandler  stm32f4xx_hal_uart.o
    0x080014c4   0x080014c4   0x000001e4   Code   RO          350    i.HAL_UART_MspInit  usart.o
    0x080016a8   0x080016a8   0x00000002   Code   RO         2006    i.HAL_UART_RxCpltCallback  stm32f4xx_hal_uart.o
    0x080016aa   0x080016aa   0x00000002   Code   RO         2011    i.HAL_UART_TxCpltCallback  stm32f4xx_hal_uart.o
    0x080016ac   0x080016ac   0x00000002   Code   RO          432    i.HardFault_Handler  stm32f4xx_it.o
    0x080016ae   0x080016ae   0x00000002   PAD
    0x080016b0   0x080016b0   0x00000048   Code   RO          301    i.MX_CAN1_Init      can.o
    0x080016f8   0x080016f8   0x00000048   Code   RO          302    i.MX_CAN2_Init      can.o
    0x08001740   0x08001740   0x00000078   Code   RO          227    i.MX_FREERTOS_Init  freertos.o
    0x080017b8   0x080017b8   0x0000004c   Code   RO          202    i.MX_GPIO_Init      gpio.o
    0x08001804   0x08001804   0x00000038   Code   RO          351    i.MX_UART4_Init     usart.o
    0x0800183c   0x0800183c   0x00000038   Code   RO          352    i.MX_UART5_Init     usart.o
    0x08001874   0x08001874   0x00000038   Code   RO          353    i.MX_USART1_UART_Init  usart.o
    0x080018ac   0x080018ac   0x00000038   Code   RO          354    i.MX_USART2_UART_Init  usart.o
    0x080018e4   0x080018e4   0x00000038   Code   RO          355    i.MX_USART3_UART_Init  usart.o
    0x0800191c   0x0800191c   0x00000038   Code   RO          356    i.MX_USART6_UART_Init  usart.o
    0x08001954   0x08001954   0x00000002   Code   RO          433    i.MemManage_Handler  stm32f4xx_it.o
    0x08001956   0x08001956   0x00000002   Code   RO          434    i.NMI_Handler       stm32f4xx_it.o
    0x08001958   0x08001958   0x00000008   Code   RO          228    i.Robot_state       freertos.o
    0x08001960   0x08001960   0x00000008   Code   RO          229    i.StartDefaultTask  freertos.o
    0x08001968   0x08001968   0x00000018   Code   RO          435    i.SysTick_Handler   stm32f4xx_it.o
    0x08001980   0x08001980   0x00000098   Code   RO           14    i.SystemClock_Config  main.o
    0x08001a18   0x08001a18   0x00000010   Code   RO         2329    i.SystemInit        system_stm32f4xx.o
    0x08001a28   0x08001a28   0x0000000c   Code   RO          436    i.UART4_IRQHandler  stm32f4xx_it.o
    0x08001a34   0x08001a34   0x00000010   Code   RO         2013    i.UART_DMAAbortOnError  stm32f4xx_hal_uart.o
    0x08001a44   0x08001a44   0x0000004e   Code   RO         2023    i.UART_EndRxTransfer  stm32f4xx_hal_uart.o
    0x08001a92   0x08001a92   0x000000c0   Code   RO         2025    i.UART_Receive_IT   stm32f4xx_hal_uart.o
    0x08001b52   0x08001b52   0x00000002   PAD
    0x08001b54   0x08001b54   0x0000010c   Code   RO         2026    i.UART_SetConfig    stm32f4xx_hal_uart.o
    0x08001c60   0x08001c60   0x0000000c   Code   RO          437    i.USART1_IRQHandler  stm32f4xx_it.o
    0x08001c6c   0x08001c6c   0x00000002   Code   RO          438    i.UsageFault_Handler  stm32f4xx_it.o
    0x08001c6e   0x08001c6e   0x00000020   Code   RO         1560    i.__NVIC_SetPriority  stm32f4xx_hal_cortex.o
    0x08001c8e   0x08001c8e   0x0000000e   Code   RO         4301    i.__scatterload_copy  mc_w.l(handlers.o)
    0x08001c9c   0x08001c9c   0x00000002   Code   RO         4302    i.__scatterload_null  mc_w.l(handlers.o)
    0x08001c9e   0x08001c9e   0x0000000e   Code   RO         4303    i.__scatterload_zeroinit  mc_w.l(handlers.o)
    0x08001cac   0x08001cac   0x00000008   Code   RO          230    i.data_update       freertos.o
    0x08001cb4   0x08001cb4   0x0000003a   Code   RO           15    i.main              main.o
    0x08001cee   0x08001cee   0x00000008   Code   RO          231    i.motor_control     freertos.o
    0x08001cf6   0x08001cf6   0x00000008   Code   RO          232    i.move_base         freertos.o
    0x08001cfe   0x08001cfe   0x0000001a   Code   RO         3477    i.osDelay           cmsis_os2.o
    0x08001d18   0x08001d18   0x00000024   Code   RO         3491    i.osKernelInitialize  cmsis_os2.o
    0x08001d3c   0x08001d3c   0x00000038   Code   RO         3494    i.osKernelStart     cmsis_os2.o
    0x08001d74   0x08001d74   0x00000088   Code   RO         3536    i.osThreadNew       cmsis_os2.o
    0x08001dfc   0x08001dfc   0x0000005c   Code   RO         2937    i.prvAddCurrentTaskToDelayedList  tasks.o
    0x08001e58   0x08001e58   0x000000d0   Code   RO         2938    i.prvAddNewTaskToReadyList  tasks.o
    0x08001f28   0x08001f28   0x00000058   Code   RO         3302    i.prvCheckForValidListAndQueue  timers.o
    0x08001f80   0x08001f80   0x00000026   Code   RO         2534    i.prvCopyDataFromQueue  queue.o
    0x08001fa6   0x08001fa6   0x0000006c   Code   RO         2535    i.prvCopyDataToQueue  queue.o
    0x08002012   0x08002012   0x00000034   Code   RO         2939    i.prvDeleteTCB      tasks.o
    0x08002046   0x08002046   0x00000002   PAD
    0x08002048   0x08002048   0x0000004c   Code   RO         3983    i.prvHeapInit       heap_4.o
    0x08002094   0x08002094   0x00000060   Code   RO         2940    i.prvIdleTask       tasks.o
    0x080020f4   0x080020f4   0x00000022   Code   RO         2537    i.prvInitialiseNewQueue  queue.o
    0x08002116   0x08002116   0x00000002   PAD
    0x08002118   0x08002118   0x000000b0   Code   RO         2941    i.prvInitialiseNewTask  tasks.o
    0x080021c8   0x080021c8   0x0000004c   Code   RO         3984    i.prvInsertBlockIntoFreeList  heap_4.o
    0x08002214   0x08002214   0x00000038   Code   RO         3304    i.prvInsertTimerInActiveList  timers.o
    0x0800224c   0x0800224c   0x0000001c   Code   RO         2538    i.prvIsQueueEmpty   queue.o
    0x08002268   0x08002268   0x000000fc   Code   RO         3305    i.prvProcessReceivedCommands  timers.o
    0x08002364   0x08002364   0x000000c0   Code   RO         3306    i.prvProcessTimerOrBlockTask  timers.o
    0x08002424   0x08002424   0x00000020   Code   RO         2943    i.prvResetNextTaskUnblockTime  tasks.o
    0x08002444   0x08002444   0x00000028   Code   RO         3307    i.prvSampleTimeNow  timers.o
    0x0800246c   0x0800246c   0x0000006c   Code   RO         3308    i.prvSwitchTimerLists  timers.o
    0x080024d8   0x080024d8   0x00000028   Code   RO         4039    i.prvTaskExitError  port.o
    0x08002500   0x08002500   0x00000024   Code   RO         3309    i.prvTimerTask      timers.o
    0x08002524   0x08002524   0x0000006a   Code   RO         2539    i.prvUnlockQueue    queue.o
    0x0800258e   0x0800258e   0x00000002   PAD
    0x08002590   0x08002590   0x000000dc   Code   RO         3985    i.pvPortMalloc      heap_4.o
    0x0800266c   0x0800266c   0x0000002c   Code   RO         4040    i.pxPortInitialiseStack  port.o
    0x08002698   0x08002698   0x00000026   Code   RO         2494    i.uxListRemove      list.o
    0x080026be   0x080026be   0x00000002   PAD
    0x080026c0   0x080026c0   0x00000014   Code   RO         3548    i.vApplicationGetIdleTaskMemory  cmsis_os2.o
    0x080026d4   0x080026d4   0x00000018   Code   RO         3549    i.vApplicationGetTimerTaskMemory  cmsis_os2.o
    0x080026ec   0x080026ec   0x00000016   Code   RO         2495    i.vListInitialise   list.o
    0x08002702   0x08002702   0x00000006   Code   RO         2496    i.vListInitialiseItem  list.o
    0x08002708   0x08002708   0x00000030   Code   RO         2497    i.vListInsert       list.o
    0x08002738   0x08002738   0x00000018   Code   RO         2498    i.vListInsertEnd    list.o
    0x08002750   0x08002750   0x00000040   Code   RO         4042    i.vPortEnterCritical  port.o
    0x08002790   0x08002790   0x00000028   Code   RO         4043    i.vPortExitCritical  port.o
    0x080027b8   0x080027b8   0x00000064   Code   RO         3986    i.vPortFree         heap_4.o
    0x0800281c   0x0800281c   0x00000024   Code   RO         4044    i.vPortSetupTimerInterrupt  port.o
    0x08002840   0x08002840   0x00000054   Code   RO         4045    i.vPortValidateInterruptPriority  port.o
    0x08002894   0x08002894   0x00000028   Code   RO         2545    i.vQueueAddToRegistry  queue.o
    0x080028bc   0x080028bc   0x00000044   Code   RO         2549    i.vQueueWaitForMessageRestricted  queue.o
    0x08002900   0x08002900   0x0000004c   Code   RO         2956    i.vTaskDelay        tasks.o
    0x0800294c   0x0800294c   0x00000010   Code   RO         2961    i.vTaskInternalSetTimeOutState  tasks.o
    0x0800295c   0x0800295c   0x0000000c   Code   RO         2962    i.vTaskMissedYield  tasks.o
    0x08002968   0x08002968   0x00000030   Code   RO         2964    i.vTaskPlaceOnEventList  tasks.o
    0x08002998   0x08002998   0x00000038   Code   RO         2965    i.vTaskPlaceOnEventListRestricted  tasks.o
    0x080029d0   0x080029d0   0x00000088   Code   RO         2973    i.vTaskStartScheduler  tasks.o
    0x08002a58   0x08002a58   0x00000010   Code   RO         2975    i.vTaskSuspendAll   tasks.o
    0x08002a68   0x08002a68   0x00000064   Code   RO         2976    i.vTaskSwitchContext  tasks.o
    0x08002acc   0x08002acc   0x000000f4   Code   RO         4046    i.xPortStartScheduler  port.o
    0x08002bc0   0x08002bc0   0x0000002c   Code   RO         4047    i.xPortSysTickHandler  port.o
    0x08002bec   0x08002bec   0x00000066   Code   RO         2555    i.xQueueGenericCreateStatic  queue.o
    0x08002c52   0x08002c52   0x00000002   PAD
    0x08002c54   0x08002c54   0x00000088   Code   RO         2556    i.xQueueGenericReset  queue.o
    0x08002cdc   0x08002cdc   0x00000160   Code   RO         2557    i.xQueueGenericSend  queue.o
    0x08002e3c   0x08002e3c   0x000000be   Code   RO         2558    i.xQueueGenericSendFromISR  queue.o
    0x08002efa   0x08002efa   0x00000002   PAD
    0x08002efc   0x08002efc   0x00000138   Code   RO         2567    i.xQueueReceive     queue.o
    0x08003034   0x08003034   0x00000074   Code   RO         2978    i.xTaskCheckForTimeOut  tasks.o
    0x080030a8   0x080030a8   0x0000005a   Code   RO         2979    i.xTaskCreate       tasks.o
    0x08003102   0x08003102   0x00000056   Code   RO         2980    i.xTaskCreateStatic  tasks.o
    0x08003158   0x08003158   0x0000001c   Code   RO         2984    i.xTaskGetSchedulerState  tasks.o
    0x08003174   0x08003174   0x0000000c   Code   RO         2985    i.xTaskGetTickCount  tasks.o
    0x08003180   0x08003180   0x000000c8   Code   RO         2987    i.xTaskIncrementTick  tasks.o
    0x08003248   0x08003248   0x00000080   Code   RO         2990    i.xTaskPriorityDisinherit  tasks.o
    0x080032c8   0x080032c8   0x00000070   Code   RO         2992    i.xTaskRemoveFromEventList  tasks.o
    0x08003338   0x08003338   0x000000c4   Code   RO         2993    i.xTaskResumeAll    tasks.o
    0x080033fc   0x080033fc   0x00000060   Code   RO         3318    i.xTimerCreateTimerTask  timers.o
    0x0800345c   0x0800345c   0x00000068   Code   RO         3319    i.xTimerGenericCommand  timers.o
    0x080034c4   0x080034c4   0x000000d8   Data   RO          233    .constdata          freertos.o
    0x0800359c   0x0800359c   0x00000010   Data   RO         2330    .constdata          system_stm32f4xx.o
    0x080035ac   0x080035ac   0x00000008   Data   RO         2331    .constdata          system_stm32f4xx.o
    0x080035b4   0x080035b4   0x00000058   Data   RO          234    .conststring        freertos.o
    0x0800360c   0x0800360c   0x00000020   Data   RO         4299    Region$$Table       anon$$obj.o


    Execution Region RW_IRAM2 (Exec base: 0x10000000, Load base: 0x080036d8, Size: 0x00000000, Max: 0x00010000, ABSOLUTE)

    **** No section assigned to this execution region ****


    Execution Region RW_IRAM1 (Exec base: 0x20000000, Load base: 0x0800362c, Size: 0x00004f68, Max: 0x00020000, ABSOLUTE)

    Exec Addr    Load Addr    Size         Type   Attr      Idx    E Section Name        Object

    0x20000000   0x0800362c   0x00000018   Data   RW          235    .data               freertos.o
    0x20000018   0x08003644   0x00000004   Data   RW          304    .data               can.o
    0x2000001c   0x08003648   0x0000000c   Data   RW         1704    .data               stm32f4xx_hal.o
    0x20000028   0x08003654   0x00000004   Data   RW         2332    .data               system_stm32f4xx.o
    0x2000002c   0x08003658   0x0000003c   Data   RW         2996    .data               tasks.o
    0x20000068   0x08003694   0x00000014   Data   RW         3327    .data               timers.o
    0x2000007c   0x080036a8   0x00000004   Data   RW         3551    .data               cmsis_os2.o
    0x20000080   0x080036ac   0x00000020   Data   RW         3992    .data               heap_4.o
    0x200000a0   0x080036cc   0x0000000c   Data   RW         4048    .data               port.o
    0x200000ac        -       0x00000050   Zero   RW          303    .bss                can.o
    0x200000fc        -       0x00000198   Zero   RW          357    .bss                usart.o
    0x20000294        -       0x00000040   Zero   RW         2571    .bss                queue.o
    0x200002d4        -       0x000004c4   Zero   RW         2995    .bss                tasks.o
    0x20000798        -       0x00000118   Zero   RW         3326    .bss                timers.o
    0x200008b0        -       0x000006b8   Zero   RW         3550    .bss                cmsis_os2.o
    0x20000f68        -       0x00003c00   Zero   RW         3991    .bss                heap_4.o
    0x20004b68        -       0x00000400   Zero   RW            1    STACK               startup_stm32f407xx.o


==============================================================================

Image component sizes


      Code (inc. data)   RO Data    RW Data    ZI Data      Debug   Object Name

       496         44          0          4         80       2530   can.o
       298         22          0          4       1720      64401   cmsis_os2.o
         0          0          0          0          0      19428   event_groups.o
       168         32        304         24          0       4671   freertos.o
        76          6          0          0          0        863   gpio.o
       472         24          0         32      15360       4843   heap_4.o
       138          0          0          0          0       3522   list.o
       214         10          0          0          0     680172   main.o
       786         82          0         12          0      11461   port.o
      1514         20          0          0         64      17344   queue.o
        36          8        392          0       1024        832   startup_stm32f407xx.o
       144         24          0         12          0       8745   stm32f4xx_hal.o
       816          0          0          0          0      10035   stm32f4xx_hal_can.o
       198         14          0          0          0      33923   stm32f4xx_hal_cortex.o
       182          0          0          0          0       2087   stm32f4xx_hal_dma.o
       496         46          0          0          0       1524   stm32f4xx_hal_gpio.o
        56          4          0          0          0        858   stm32f4xx_hal_msp.o
      1348         76          0          0          0       5220   stm32f4xx_hal_rcc.o
      1286         16          0          0          0       8274   stm32f4xx_hal_uart.o
       156         60          0          0          0       7948   stm32f4xx_it.o
         0          0          0          0          0        392   stream_buffer.o
        16          4         24          4          0       1115   system_stm32f4xx.o
      2084        168          0         60       1220      26796   tasks.o
       972         80          0         20        280      32047   timers.o
       820         90          0          0        408       5139   usart.o

    ----------------------------------------------------------------------
     12798        830        752        172      20156     954170   Object Totals
         0          0         32          0          0          0   (incl. Generated)
        26          0          0          0          0          0   (incl. Padding)

    ----------------------------------------------------------------------

      Code (inc. data)   RO Data    RW Data    ZI Data      Debug   Library Member Name

         0          0          0          0          0          0   entry.o
         0          0          0          0          0          0   entry10a.o
         0          0          0          0          0          0   entry11a.o
         8          4          0          0          0          0   entry2.o
         4          0          0          0          0          0   entry5.o
         0          0          0          0          0          0   entry7b.o
         0          0          0          0          0          0   entry8b.o
         8          4          0          0          0          0   entry9a.o
        30          0          0          0          0          0   handlers.o
        36          8          0          0          0         68   init.o
        30          0          0          0          0         68   llshl.o
        32          0          0          0          0         68   llushr.o
        36          0          0          0          0         68   memcpya.o
        36          0          0          0          0        108   memseta.o
        98          0          0          0          0         92   uldiv.o

    ----------------------------------------------------------------------
       318         16          0          0          0        472   Library Totals
         0          0          0          0          0          0   (incl. Padding)

    ----------------------------------------------------------------------

      Code (inc. data)   RO Data    RW Data    ZI Data      Debug   Library Name

       318         16          0          0          0        472   mc_w.l

    ----------------------------------------------------------------------
       318         16          0          0          0        472   Library Totals

    ----------------------------------------------------------------------

==============================================================================


      Code (inc. data)   RO Data    RW Data    ZI Data      Debug   

     13116        846        752        172      20156     940490   Grand Totals
     13116        846        752        172      20156     940490   ELF Image Totals
     13116        846        752        172          0          0   ROM Totals

==============================================================================

    Total RO  Size (Code + RO Data)                13868 (  13.54kB)
    Total RW  Size (RW Data + ZI Data)             20328 (  19.85kB)
    Total ROM Size (Code + RO Data + RW Data)      14040 (  13.71kB)

==============================================================================

